Archive member included to satisfy reference by file (symbol)

hw_include/libdriver.a(gpio_dirmodeset_.o)
                              gcc/main.o (GPIODirModeSet)
hw_include/libdriver.a(gpio_pinintclear_.o)
                              gcc/main.o (GPIOPinIntClear)
hw_include/libdriver.a(gpio_pintypei2c_.o)
                              gcc/osram96x16.o (GPIOPinTypeI2C)
hw_include/libdriver.a(i2c_mastercontrol_.o)
                              gcc/osram96x16.o (I2CMasterControl)
hw_include/libdriver.a(i2c_masterdataput_.o)
                              gcc/osram96x16.o (I2CMasterDataPut)
hw_include/libdriver.a(i2c_masterinit_.o)
                              gcc/osram96x16.o (I2CMasterInit)
hw_include/libdriver.a(i2c_masterintstatus_.o)
                              gcc/osram96x16.o (I2CMasterIntStatus)
hw_include/libdriver.a(i2c_masterslaveaddrset_.o)
                              gcc/osram96x16.o (I2CMasterSlaveAddrSet)
hw_include/libdriver.a(interrupt_enable_.o)
                              gcc/main.o (IntEnable)
hw_include/libdriver.a(interrupt_priorityset_.o)
                              gcc/main.o (IntPrioritySet)
hw_include/libdriver.a(interrupt_pulregs_.o)
                              hw_include/libdriver.a(interrupt_priorityset_.o) (g_pulRegs)
hw_include/libdriver.a(sysctl_clockget_.o)
                              hw_include/libdriver.a(i2c_masterinit_.o) (SysCtlClockGet)
hw_include/libdriver.a(sysctl_clockset_.o)
                              gcc/main.o (SysCtlClockSet)
hw_include/libdriver.a(sysctl_peripheralenable_.o)
                              gcc/main.o (SysCtlPeripheralEnable)
hw_include/libdriver.a(sysctl_pulrcgcregs_.o)
                              hw_include/libdriver.a(sysctl_peripheralenable_.o) (g_pulRCGCRegs)
hw_include/libdriver.a(sysctl_pulxtals_.o)
                              hw_include/libdriver.a(sysctl_clockget_.o) (g_pulXtals)
hw_include/libdriver.a(uart_configset_.o)
                              gcc/main.o (UARTConfigSet)
hw_include/libdriver.a(uart_disable_.o)
                              hw_include/libdriver.a(uart_configset_.o) (UARTDisable)
hw_include/libdriver.a(uart_enable_.o)
                              hw_include/libdriver.a(uart_configset_.o) (UARTEnable)
hw_include/libdriver.a(uart_intclear_.o)
                              gcc/main.o (UARTIntClear)
hw_include/libdriver.a(uart_intstatus_.o)
                              gcc/main.o (UARTIntStatus)
hw_include/libdriver.a(gpio_padconfigset_.o)
                              hw_include/libdriver.a(gpio_pintypei2c_.o) (GPIOPadConfigSet)
hw_include/libdriver.a(i2c_masterenable_.o)
                              hw_include/libdriver.a(i2c_masterinit_.o) (I2CMasterEnable)
/usr/lib/gcc/arm-none-eabi/10.3.1/../../../arm-none-eabi/lib/thumb/nofp/libc.a(lib_a-memcpy-stub.o)
                              gcc/startup.o (memcpy)
/usr/lib/gcc/arm-none-eabi/10.3.1/../../../arm-none-eabi/lib/thumb/nofp/libc.a(lib_a-memset.o)
                              gcc/startup.o (memset)
/usr/lib/gcc/arm-none-eabi/10.3.1/../../../arm-none-eabi/lib/thumb/nofp/libc.a(lib_a-rand.o)
                              gcc/main.o (rand)
/usr/lib/gcc/arm-none-eabi/10.3.1/../../../arm-none-eabi/lib/thumb/nofp/libc.a(lib_a-snprintf.o)
                              gcc/main.o (snprintf)
/usr/lib/gcc/arm-none-eabi/10.3.1/../../../arm-none-eabi/lib/thumb/nofp/libc.a(lib_a-svfprintf.o)
                              /usr/lib/gcc/arm-none-eabi/10.3.1/../../../arm-none-eabi/lib/thumb/nofp/libc.a(lib_a-snprintf.o) (_svfprintf_r)
/usr/lib/gcc/arm-none-eabi/10.3.1/../../../arm-none-eabi/lib/thumb/nofp/libc.a(lib_a-dtoa.o)
                              /usr/lib/gcc/arm-none-eabi/10.3.1/../../../arm-none-eabi/lib/thumb/nofp/libc.a(lib_a-svfprintf.o) (_dtoa_r)
/usr/lib/gcc/arm-none-eabi/10.3.1/../../../arm-none-eabi/lib/thumb/nofp/libc.a(lib_a-impure.o)
                              /usr/lib/gcc/arm-none-eabi/10.3.1/../../../arm-none-eabi/lib/thumb/nofp/libc.a(lib_a-rand.o) (_impure_ptr)
/usr/lib/gcc/arm-none-eabi/10.3.1/../../../arm-none-eabi/lib/thumb/nofp/libc.a(lib_a-localeconv.o)
                              /usr/lib/gcc/arm-none-eabi/10.3.1/../../../arm-none-eabi/lib/thumb/nofp/libc.a(lib_a-svfprintf.o) (_localeconv_r)
/usr/lib/gcc/arm-none-eabi/10.3.1/../../../arm-none-eabi/lib/thumb/nofp/libc.a(lib_a-mallocr.o)
                              /usr/lib/gcc/arm-none-eabi/10.3.1/../../../arm-none-eabi/lib/thumb/nofp/libc.a(lib_a-svfprintf.o) (_malloc_r)
/usr/lib/gcc/arm-none-eabi/10.3.1/../../../arm-none-eabi/lib/thumb/nofp/libc.a(lib_a-memchr-stub.o)
                              /usr/lib/gcc/arm-none-eabi/10.3.1/../../../arm-none-eabi/lib/thumb/nofp/libc.a(lib_a-svfprintf.o) (memchr)
/usr/lib/gcc/arm-none-eabi/10.3.1/../../../arm-none-eabi/lib/thumb/nofp/libc.a(lib_a-mlock.o)
                              /usr/lib/gcc/arm-none-eabi/10.3.1/../../../arm-none-eabi/lib/thumb/nofp/libc.a(lib_a-mallocr.o) (__malloc_lock)
[...]
Memory Configuration

Name             Origin             Length             Attributes
FLASH            0x0000000000000000 0x0000000000010000 xr
SRAM             0x0000000020000000 0x0000000000002000 xrw
*default*        0x0000000000000000 0xffffffffffffffff

Linker script and memory map


.text           0x0000000000000000     0xbfd1
 *(.isr_vector)
 .isr_vector    0x0000000000000000       0xb8 gcc/startup.o
                0x0000000000000000                g_pfnVectors
 *(.text*)
 .text          0x00000000000000b8       0x5c gcc/startup.o
                0x00000000000000c4                ResetISR
 .text          0x0000000000000114      0x178 gcc/main.o
                0x0000000000000210                vUART_ISR
                0x000000000000024c                vGPIO_ISR
 .text.startup  0x000000000000028c      0x128 gcc/main.o
                0x000000000000028c                main
 .text          0x00000000000003b4       0x90 gcc/list.o
                0x00000000000003b4                vListInitialise
                0x00000000000003cc                vListInitialiseItem
                0x00000000000003d4                vListInsertEnd
                0x00000000000003f0                vListInsert
                0x0000000000000420                uxListRemove
 .text          0x0000000000000444      0x848 gcc/queue.o
                0x0000000000000530                xQueueGenericReset
                0x00000000000005b4                xQueueGenericCreate
                0x00000000000005f8                xQueueGenericSend
                0x000000000000070c                xQueueGenericSendFromISR
                0x000000000000078c                xQueueGiveFromISR
                0x0000000000000808                xQueueReceive
                0x0000000000000930                xQueueSemaphoreTake
                0x0000000000000a40                xQueuePeek
                0x0000000000000b60                xQueueReceiveFromISR
                0x0000000000000bf4                xQueuePeekFromISR
                0x0000000000000c3c                uxQueueMessagesWaiting
                0x0000000000000c50                uxQueueSpacesAvailable
                0x0000000000000c68                uxQueueMessagesWaitingFromISR
                0x0000000000000c6c                vQueueDelete
                0x0000000000000c70                xQueueIsQueueEmptyFromISR
                0x0000000000000c7c                xQueueIsQueueFullFromISR
 .text          0x0000000000000c8c      0xd98 gcc/tasks.o
                0x0000000000000e30                xTaskCreate
                0x0000000000000fc8                vTaskStartScheduler
                0x0000000000001028                vTaskEndScheduler
                0x0000000000001048                vTaskSuspendAll
                0x000000000000105c                xTaskResumeAll
                0x00000000000011a8                xTaskDelayUntil
                0x0000000000001200                vTaskDelay
                0x0000000000001238                xTaskGetTickCount
                0x0000000000001244                xTaskGetTickCountFromISR
                0x0000000000001250                uxTaskGetNumberOfTasks
                0x000000000000125c                pcTaskGetName
                0x0000000000001270                xTaskCatchUpTicks
                0x00000000000012a0                xTaskIncrementTick
                0x00000000000012bc                vTaskSwitchContext
                0x0000000000001304                vTaskPlaceOnEventList
                0x0000000000001320                vTaskPlaceOnUnorderedEventList
                0x0000000000001368                xTaskRemoveFromEventList
                0x0000000000001430                vTaskRemoveFromUnorderedEventList
                0x00000000000014c4                vTaskSetTimeOutState
                0x00000000000014e4                vTaskInternalSetTimeOutState
                0x00000000000014f4                xTaskCheckForTimeOut
                0x0000000000001544                vTaskMissedYield
                0x0000000000001554                xTaskGetCurrentTaskHandle
                0x0000000000001560                uxTaskResetEventItemValue
                0x0000000000001578                ulTaskGenericNotifyTake
                0x00000000000015fc                xTaskGenericNotifyWait
                0x00000000000016a0                xTaskGenericNotify
                0x000000000000179c                xTaskGenericNotifyFromISR
                0x00000000000018d4                vTaskGenericNotifyGiveFromISR
                0x00000000000019c0                xTaskGenericNotifyStateClear
                0x00000000000019f4                ulTaskGenericNotifyValueClear
 *fill*         0x0000000000001a24        0xc 
 .text          0x0000000000001a30      0x1ac gcc/port.o
                0x0000000000001a70                pxPortInitialiseStack
                0x0000000000001a94                vPortSVCHandler
                0x0000000000001ac4                vPortEndScheduler
                0x0000000000001ac8                vPortEnterCritical
                0x0000000000001ae8                vPortExitCritical
                0x0000000000001afc                xPortPendSVHandler
                0x0000000000001b44                xPortSysTickHandler
                0x0000000000001b70                vPortSetupTimerInterrupt
                0x0000000000001b88                xPortStartScheduler
 .text          0x0000000000001bdc       0x90 gcc/heap_1.o
                0x0000000000001bdc                pvPortMalloc
                0x0000000000001c4c                vPortFree
                0x0000000000001c50                vPortInitialiseBlocks
                0x0000000000001c5c                xPortGetFreeHeapSize
 .text          0x0000000000001c6c      0x200 gcc/BlockQ.o
                0x0000000000001ce4                vStartBlockingQueueTasks
                0x0000000000001e20                xAreBlockingQueuesStillRunning
 .text          0x0000000000001e6c      0x128 gcc/PollQ.o
                0x0000000000001f24                vStartPolledQueueTasks
                0x0000000000001f78                xArePollingQueuesStillRunning
 .text          0x0000000000001f94       0x9c gcc/integer.o
                0x0000000000001ff4                vStartIntegerMathTasks
                0x000000000000201c                xAreIntegerMathsTaskStillRunning
 .text          0x0000000000002030      0x1d8 gcc/semtest.o
                0x0000000000002100                vStartSemaphoreTasks
                0x00000000000021d4                xAreSemaphoreTasksStillRunning
 .text          0x0000000000002208      0x688 gcc/osram96x16.o
                0x0000000000002298                OSRAMClear
                0x00000000000023a0                OSRAMStringDraw
                0x0000000000002584                OSRAMImageDraw
                0x00000000000026d4                OSRAMInit
                0x0000000000002770                OSRAMDisplayOn
                0x00000000000027d0                OSRAMDisplayOff
 .text          0x0000000000002890       0x48 hw_include/libdriver.a(gpio_dirmodeset_.o)
                0x0000000000002890                GPIODirModeSet
 .text          0x00000000000028d8        0x8 hw_include/libdriver.a(gpio_pinintclear_.o)
                0x00000000000028d8                GPIOPinIntClear
 .text          0x00000000000028e0       0x20 hw_include/libdriver.a(gpio_pintypei2c_.o)
                0x00000000000028e0                GPIOPinTypeI2C
 .text          0x0000000000002900        0x4 hw_include/libdriver.a(i2c_mastercontrol_.o)
                0x0000000000002900                I2CMasterControl
 .text          0x0000000000002904        0x4 hw_include/libdriver.a(i2c_masterdataput_.o)
                0x0000000000002904                I2CMasterDataPut
 .text          0x0000000000002908       0x34 hw_include/libdriver.a(i2c_masterinit_.o)
                0x0000000000002908                I2CMasterInit
 .text          0x000000000000293c       0x18 hw_include/libdriver.a(i2c_masterintstatus_.o)
                0x000000000000293c                I2CMasterIntStatus
 .text          0x0000000000002954        0x8 hw_include/libdriver.a(i2c_masterslaveaddrset_.o)
                0x0000000000002954                I2CMasterSlaveAddrSet
 .text          0x000000000000295c       0x5c hw_include/libdriver.a(interrupt_enable_.o)
                0x000000000000295c                IntEnable
 .text          0x00000000000029b8       0x30 hw_include/libdriver.a(interrupt_priorityset_.o)
                0x00000000000029b8                IntPrioritySet
 .text          0x00000000000029e8        0x0 hw_include/libdriver.a(interrupt_pulregs_.o)
 .text          0x00000000000029e8       0x90 hw_include/libdriver.a(sysctl_clockget_.o)
                0x00000000000029e8                SysCtlClockGet
 .text          0x0000000000002a78       0xcc hw_include/libdriver.a(sysctl_clockset_.o)
                0x0000000000002a78                SysCtlClockSet
 .text          0x0000000000002b44       0x1c hw_include/libdriver.a(sysctl_peripheralenable_.o)
                0x0000000000002b44                SysCtlPeripheralEnable
 .text          0x0000000000002b60        0x0 hw_include/libdriver.a(sysctl_pulrcgcregs_.o)
 .text          0x0000000000002b60        0x0 hw_include/libdriver.a(sysctl_pulxtals_.o)
 .text          0x0000000000002b60       0x38 hw_include/libdriver.a(uart_configset_.o)
                0x0000000000002b60                UARTConfigSet
 .text          0x0000000000002b98       0x24 hw_include/libdriver.a(uart_disable_.o)
                0x0000000000002b98                UARTDisable
 .text          0x0000000000002bbc       0x18 hw_include/libdriver.a(uart_enable_.o)
                0x0000000000002bbc                UARTEnable
 .text          0x0000000000002bd4        0x4 hw_include/libdriver.a(uart_intclear_.o)
                0x0000000000002bd4                UARTIntClear
 .text          0x0000000000002bd8        0xc hw_include/libdriver.a(uart_intstatus_.o)
                0x0000000000002bd8                UARTIntStatus
 .text          0x0000000000002be4      0x11c hw_include/libdriver.a(gpio_padconfigset_.o)
                0x0000000000002be4                GPIOPadConfigSet
 .text          0x0000000000002d00        0xc hw_include/libdriver.a(i2c_masterenable_.o)
                0x0000000000002d00                I2CMasterEnable
 .text          0x0000000000002d0c       0xa8 /usr/lib/gcc/arm-none-eabi/10.3.1/../../../arm-none-eabi/lib/thumb/nofp/libc.a(lib_a-memcpy-stub.o)
                0x0000000000002d0c                memcpy
 .text          0x0000000000002db4       0xb0 /usr/lib/gcc/arm-none-eabi/10.3.1/../../../arm-none-eabi/lib/thumb/nofp/libc.a(lib_a-memset.o)
                0x0000000000002db4                memset
 .text          0x0000000000002e64       0x4c /usr/lib/gcc/arm-none-eabi/10.3.1/../../../arm-none-eabi/lib/thumb/nofp/libc.a(lib_a-rand.o)
                0x0000000000002e64                srand
                0x0000000000002e78                rand
 .text          0x0000000000002eb0      0x100 /usr/lib/gcc/arm-none-eabi/10.3.1/../../../arm-none-eabi/lib/thumb/nofp/libc.a(lib_a-snprintf.o)
                0x0000000000002eb0                _snprintf_r
                0x0000000000002f2c                snprintf
 .text          0x0000000000002fb0     0x1660 /usr/lib/gcc/arm-none-eabi/10.3.1/../../../arm-none-eabi/lib/thumb/nofp/libc.a(lib_a-svfprintf.o)
                0x0000000000002fb0                _svfprintf_r
 .text          0x0000000000004610     0x1168 /usr/lib/gcc/arm-none-eabi/10.3.1/../../../arm-none-eabi/lib/thumb/nofp/libc.a(lib_a-dtoa.o)
                0x000000000000475c                _dtoa_r
 .text          0x0000000000005778        0x0 /usr/lib/gcc/arm-none-eabi/10.3.1/../../../arm-none-eabi/lib/thumb/nofp/libc.a(lib_a-impure.o)
 .text          0x0000000000005778       0x14 /usr/lib/gcc/arm-none-eabi/10.3.1/../../../arm-none-eabi/lib/thumb/nofp/libc.a(lib_a-localeconv.o)
                0x0000000000005778                __localeconv_l
                0x000000000000577c                _localeconv_r
                0x0000000000005784                localeconv
 .text          0x000000000000578c      0x580 /usr/lib/gcc/arm-none-eabi/10.3.1/../../../arm-none-eabi/lib/thumb/nofp/libc.a(lib_a-mallocr.o)
                0x000000000000578c                _malloc_r
 .text          0x0000000000005d0c       0x78 /usr/lib/gcc/arm-none-eabi/10.3.1/../../../arm-none-eabi/lib/thumb/nofp/libc.a(lib_a-memchr-stub.o)
                0x0000000000005d0c                memchr
 .text          0x0000000000005d84        0x8 /usr/lib/gcc/arm-none-eabi/10.3.1/../../../arm-none-eabi/lib/thumb/nofp/libc.a(lib_a-mlock.o)
                0x0000000000005d84                __malloc_lock
                0x0000000000005d88                __malloc_unlock
 .text          0x0000000000005d8c      0xb38 /usr/lib/gcc/arm-none-eabi/10.3.1/../../../arm-none-eabi/lib/thumb/nofp/libc.a(lib_a-mprec.o)
                0x0000000000005d8c                _Balloc
                0x0000000000005de0                _Bfree
                0x0000000000005df4                __multadd
                0x0000000000005ea0                __s2b
                0x0000000000005f54                __hi0bits
                0x0000000000005f8c                __lo0bits
                0x0000000000005fe8                __i2b
                0x000000000000604c                __multiply
                0x00000000000061f4                __pow5mult
                0x00000000000062d0                __lshift
                0x00000000000063d0                __mcmp
                0x0000000000006408                __mdiff
                0x0000000000006598                __ulp
                0x00000000000065e0                __b2d
                0x00000000000066ac                __d2b
                0x0000000000006788                __ratio
                0x00000000000067f4                _mprec_log10
                0x000000000000682c                __copybits
                0x0000000000006870                __any_on
 .text          0x00000000000068c4       0x28 /usr/lib/gcc/arm-none-eabi/10.3.1/../../../arm-none-eabi/lib/thumb/nofp/libc.a(lib_a-sbrkr.o)
                0x00000000000068c4                _sbrk_r
 .text          0x00000000000068ec       0x60 /usr/lib/gcc/arm-none-eabi/10.3.1/../../../arm-none-eabi/lib/thumb/nofp/libc.a(lib_a-strlen-stub.o)
                0x00000000000068ec                strlen
 .text          0x000000000000694c      0xbf4 /usr/lib/gcc/arm-none-eabi/10.3.1/../../../arm-none-eabi/lib/thumb/nofp/libc.a(lib_a-svfiprintf.o)
                0x000000000000694c                __ssprint_r
                0x0000000000006a64                _svfiprintf_r
 .text          0x0000000000007540       0x4c /usr/lib/gcc/arm-none-eabi/10.3.1/../../../arm-none-eabi/lib/thumb/nofp/libc.a(lib_a-assert.o)
                0x0000000000007540                __assert_func
                0x0000000000007580                __assert
 .text          0x000000000000758c       0x60 /usr/lib/gcc/arm-none-eabi/10.3.1/../../../arm-none-eabi/lib/thumb/nofp/libc.a(lib_a-callocr.o)
                0x000000000000758c                _calloc_r
 .text          0x00000000000075ec       0x3c /usr/lib/gcc/arm-none-eabi/10.3.1/../../../arm-none-eabi/lib/thumb/nofp/libc.a(lib_a-fiprintf.o)
                0x00000000000075ec                _fiprintf_r
                0x0000000000007604                fiprintf
 .text          0x0000000000007628      0x268 /usr/lib/gcc/arm-none-eabi/10.3.1/../../../arm-none-eabi/lib/thumb/nofp/libc.a(lib_a-freer.o)
                0x0000000000007628                _malloc_trim_r
                0x00000000000076c8                _free_r
 .text          0x0000000000007890       0xa0 /usr/lib/gcc/arm-none-eabi/10.3.1/../../../arm-none-eabi/lib/thumb/nofp/libc.a(lib_a-locale.o)
                0x0000000000007890                _setlocale_r
                0x00000000000078d8                __locale_mb_cur_max
                0x00000000000078e8                setlocale
 .text          0x0000000000007930       0x50 /usr/lib/gcc/arm-none-eabi/10.3.1/../../../arm-none-eabi/lib/thumb/nofp/libc.a(lib_a-mbtowc_r.o)
                0x0000000000007930                _mbtowc_r
                0x0000000000007950                __ascii_mbtowc
 .text          0x0000000000007980       0xbc /usr/lib/gcc/arm-none-eabi/10.3.1/../../../arm-none-eabi/lib/thumb/nofp/libc.a(lib_a-memmove.o)
                0x0000000000007980                memmove
 .text          0x0000000000007a3c      0x3e4 /usr/lib/gcc/arm-none-eabi/10.3.1/../../../arm-none-eabi/lib/thumb/nofp/libc.a(lib_a-reallocr.o)
                0x0000000000007a3c                _realloc_r
 .text          0x0000000000007e20      0x100 /usr/lib/gcc/arm-none-eabi/10.3.1/../../../arm-none-eabi/lib/thumb/nofp/libc.a(lib_a-reent.o)
                0x0000000000007e20                cleanup_glue
                0x0000000000007e74                _reclaim_reent
 .text          0x0000000000007f20      0x224 /usr/lib/gcc/arm-none-eabi/10.3.1/../../../arm-none-eabi/lib/thumb/nofp/libc.a(lib_a-strcmp.o)
                0x0000000000007f20                strcmp
 .text          0x0000000000008144      0xdf0 /usr/lib/gcc/arm-none-eabi/10.3.1/../../../arm-none-eabi/lib/thumb/nofp/libc.a(lib_a-vfiprintf.o)
                0x00000000000081d0                __sprint_r
                0x00000000000081e8                _vfiprintf_r
                0x0000000000008ea0                vfiprintf
 .text          0x0000000000008f34       0x38 /usr/lib/gcc/arm-none-eabi/10.3.1/../../../arm-none-eabi/lib/thumb/nofp/libc.a(lib_a-wctomb_r.o)
                0x0000000000008f34                _wctomb_r
                0x0000000000008f4c                __ascii_wctomb
 .text          0x0000000000008f6c       0xe8 /usr/lib/gcc/arm-none-eabi/10.3.1/../../../arm-none-eabi/lib/thumb/nofp/libc.a(lib_a-wsetup.o)
                0x0000000000008f6c                __swsetup_r
 .text          0x0000000000009054       0x10 /usr/lib/gcc/arm-none-eabi/10.3.1/../../../arm-none-eabi/lib/thumb/nofp/libc.a(lib_a-abort.o)
                0x0000000000009054                abort
 .text          0x0000000000009064        0x0 /usr/lib/gcc/arm-none-eabi/10.3.1/../../../arm-none-eabi/lib/thumb/nofp/libc.a(lib_a-ctype_.o)
 .text          0x0000000000009064      0x1f4 /usr/lib/gcc/arm-none-eabi/10.3.1/../../../arm-none-eabi/lib/thumb/nofp/libc.a(lib_a-fflush.o)
                0x0000000000009064                __sflush_r
                0x00000000000091cc                _fflush_r
                0x00000000000091fc                fflush
 .text          0x0000000000009258      0x268 /usr/lib/gcc/arm-none-eabi/10.3.1/../../../arm-none-eabi/lib/thumb/nofp/libc.a(lib_a-findfp.o)
                0x000000000000925c                _cleanup_r
                0x0000000000009360                __sfmoreglue
                0x0000000000009394                __sfp
                0x0000000000009448                _cleanup
                0x0000000000009464                __sinit
                0x0000000000009478                __sfp_lock_acquire
                0x000000000000947c                __sfp_lock_release
                0x0000000000009480                __sinit_lock_acquire
                0x0000000000009484                __sinit_lock_release
                0x0000000000009488                __fp_lock_all
                0x00000000000094a4                __fp_unlock_all
 .text          0x00000000000094c0      0x120 /usr/lib/gcc/arm-none-eabi/10.3.1/../../../arm-none-eabi/lib/thumb/nofp/libc.a(lib_a-fputwc.o)
                0x00000000000094c0                __fputwc
                0x0000000000009574                _fputwc_r
                0x0000000000009598                fputwc
 .text          0x00000000000095e0      0x31c /usr/lib/gcc/arm-none-eabi/10.3.1/../../../arm-none-eabi/lib/thumb/nofp/libc.a(lib_a-fvwrite.o)
                0x00000000000095e0                __sfvwrite_r
 .text          0x00000000000098fc       0x9c /usr/lib/gcc/arm-none-eabi/10.3.1/../../../arm-none-eabi/lib/thumb/nofp/libc.a(lib_a-fwalk.o)
                0x00000000000098fc                _fwalk
                0x0000000000009944                _fwalk_reent
 .text          0x0000000000009998      0x150 /usr/lib/gcc/arm-none-eabi/10.3.1/../../../arm-none-eabi/lib/thumb/nofp/libc.a(lib_a-makebuf.o)
                0x0000000000009998                __smakebuf_r
                0x0000000000009a84                __swhatbuf_r
 .text          0x0000000000009ae8      0x2cc /usr/lib/gcc/arm-none-eabi/10.3.1/../../../arm-none-eabi/lib/thumb/nofp/libc.a(lib_a-signal.o)
                0x0000000000009ae8                _init_signal_r
                0x0000000000009b20                _signal_r
                0x0000000000009b7c                _raise_r
                0x0000000000009bdc                __sigtramp_r
                0x0000000000009c44                raise
                0x0000000000009ca8                signal
                0x0000000000009d00                _init_signal
                0x0000000000009d40                __sigtramp
 .text          0x0000000000009db4       0x38 /usr/lib/gcc/arm-none-eabi/10.3.1/../../../arm-none-eabi/lib/thumb/nofp/libc.a(lib_a-signalr.o)
                0x0000000000009db4                _kill_r
                0x0000000000009de0                _getpid_r
 .text          0x0000000000009dec       0xb4 /usr/lib/gcc/arm-none-eabi/10.3.1/../../../arm-none-eabi/lib/thumb/nofp/libc.a(lib_a-stdio.o)
                0x0000000000009dec                __sread
                0x0000000000009e18                __seofread
                0x0000000000009e1c                __swrite
                0x0000000000009e60                __sseek
                0x0000000000009e90                __sclose
 .text          0x0000000000009ea0       0xf0 /usr/lib/gcc/arm-none-eabi/10.3.1/../../../arm-none-eabi/lib/thumb/nofp/libc.a(lib_a-wbuf.o)
                0x0000000000009ea0                __swbuf_r
                0x0000000000009f74                __swbuf
 .text          0x0000000000009f90       0x98 /usr/lib/gcc/arm-none-eabi/10.3.1/../../../arm-none-eabi/lib/thumb/nofp/libc.a(lib_a-wcrtomb.o)
                0x0000000000009f90                _wcrtomb_r
                0x0000000000009fd8                wcrtomb
 .text          0x000000000000a028       0x2c /usr/lib/gcc/arm-none-eabi/10.3.1/../../../arm-none-eabi/lib/thumb/nofp/libc.a(lib_a-writer.o)
                0x000000000000a028                _write_r
 .text          0x000000000000a054       0x28 /usr/lib/gcc/arm-none-eabi/10.3.1/../../../arm-none-eabi/lib/thumb/nofp/libc.a(lib_a-closer.o)
                0x000000000000a054                _close_r
 .text          0x000000000000a07c       0xf8 /usr/lib/gcc/arm-none-eabi/10.3.1/../../../arm-none-eabi/lib/thumb/nofp/libc.a(lib_a-fclose.o)
                0x000000000000a0f0                _fclose_r
                0x000000000000a12c                fclose
 .text          0x000000000000a174       0x2c /usr/lib/gcc/arm-none-eabi/10.3.1/../../../arm-none-eabi/lib/thumb/nofp/libc.a(lib_a-fstatr.o)
                0x000000000000a174                _fstat_r
 .text          0x000000000000a1a0       0x28 /usr/lib/gcc/arm-none-eabi/10.3.1/../../../arm-none-eabi/lib/thumb/nofp/libc.a(lib_a-isattyr.o)
                0x000000000000a1a0                _isatty_r
 .text          0x000000000000a1c8       0x2c /usr/lib/gcc/arm-none-eabi/10.3.1/../../../arm-none-eabi/lib/thumb/nofp/libc.a(lib_a-lseekr.o)
                0x000000000000a1c8                _lseek_r
 .text          0x000000000000a1f4       0x2c /usr/lib/gcc/arm-none-eabi/10.3.1/../../../arm-none-eabi/lib/thumb/nofp/libc.a(lib_a-readr.o)
                0x000000000000a1f4                _read_r
 .text          0x000000000000a220      0x290 /usr/lib/gcc/arm-none-eabi/10.3.1/thumb/nofp/libgcc.a(_arm_muldf3.o)
 .text          0x000000000000a4b0      0x11c /usr/lib/gcc/arm-none-eabi/10.3.1/thumb/nofp/libgcc.a(_udivsi3.o)
                0x000000000000a4b0                __udivsi3
                0x000000000000a4b0                __aeabi_uidiv
                0x000000000000a5ac                __aeabi_uidivmod
 .text          0x000000000000a5cc      0x150 /usr/lib/gcc/arm-none-eabi/10.3.1/thumb/nofp/libgcc.a(_divsi3.o)
                0x000000000000a5cc                __aeabi_idiv
                0x000000000000a5cc                __divsi3
                0x000000000000a6fc                __aeabi_idivmod
 .text          0x000000000000a71c        0x4 /usr/lib/gcc/arm-none-eabi/10.3.1/thumb/nofp/libgcc.a(_dvmd_tls.o)
                0x000000000000a71c                __aeabi_ldiv0
                0x000000000000a71c                __aeabi_idiv0
 .text          0x000000000000a720      0x424 /usr/lib/gcc/arm-none-eabi/10.3.1/thumb/nofp/libgcc.a(_arm_addsubdf3.o)
                0x000000000000a720                __aeabi_drsub
                0x000000000000a728                __aeabi_dsub
                0x000000000000a728                __subdf3
                0x000000000000a72c                __adddf3
                0x000000000000a72c                __aeabi_dadd
                0x000000000000aa3c                __aeabi_ui2d
                0x000000000000aa3c                __floatunsidf
                0x000000000000aa60                __floatsidf
                0x000000000000aa60                __aeabi_i2d
                0x000000000000aa88                __extendsfdf2
                0x000000000000aa88                __aeabi_f2d
                0x000000000000aad0                __aeabi_ul2d
                0x000000000000aad0                __floatundidf
                0x000000000000aae4                __floatdidf
                0x000000000000aae4                __aeabi_l2d
 .text          0x000000000000ab44      0x49c /usr/lib/gcc/arm-none-eabi/10.3.1/thumb/nofp/libgcc.a(_arm_muldivdf3.o)
                0x000000000000ab44                __aeabi_dmul
                0x000000000000ab44                __muldf3
                0x000000000000add4                __aeabi_ddiv
                0x000000000000add4                __divdf3
 .text          0x000000000000afe0      0x144 /usr/lib/gcc/arm-none-eabi/10.3.1/thumb/nofp/libgcc.a(_arm_cmpdf2.o)
                0x000000000000afe0                __gtdf2
                0x000000000000afe0                __gedf2
                0x000000000000afe8                __ltdf2
                0x000000000000afe8                __ledf2
                0x000000000000aff0                __cmpdf2
                0x000000000000aff0                __eqdf2
                0x000000000000aff0                __nedf2
                0x000000000000b078                __aeabi_cdrcmple
                0x000000000000b094                __aeabi_cdcmple
                0x000000000000b094                __aeabi_cdcmpeq
                0x000000000000b0ac                __aeabi_dcmpeq
                0x000000000000b0c4                __aeabi_dcmplt
                0x000000000000b0dc                __aeabi_dcmple
                0x000000000000b0f4                __aeabi_dcmpge
                0x000000000000b10c                __aeabi_dcmpgt
 .text          0x000000000000b124       0x38 /usr/lib/gcc/arm-none-eabi/10.3.1/thumb/nofp/libgcc.a(_arm_unorddf2.o)
                0x000000000000b124                __aeabi_dcmpun
                0x000000000000b124                __unorddf2
 .text          0x000000000000b15c       0x5c /usr/lib/gcc/arm-none-eabi/10.3.1/thumb/nofp/libgcc.a(_arm_fixdfsi.o)
                0x000000000000b15c                __fixdfsi
                0x000000000000b15c                __aeabi_d2iz
 .text          0x000000000000b1b8       0x3c /usr/lib/gcc/arm-none-eabi/10.3.1/thumb/nofp/libgcc.a(_aeabi_uldivmod.o)
                0x000000000000b1b8                __aeabi_uldivmod
 .text          0x000000000000b1f4       0x54 /usr/lib/gcc/arm-none-eabi/10.3.1/thumb/nofp/libgcc.a(_muldi3.o)
                0x000000000000b1f4                __aeabi_lmul
                0x000000000000b1f4                __muldi3
 .text          0x000000000000b248      0x19c /usr/lib/gcc/arm-none-eabi/10.3.1/thumb/nofp/libgcc.a(_udivmoddi4.o)
                0x000000000000b248                __udivmoddi4
 .text          0x000000000000b3e4       0x28 /usr/lib/gcc/arm-none-eabi/10.3.1/thumb/nofp/libgcc.a(_clzdi2.o)
                0x000000000000b3e4                __clzdi2
 .text          0x000000000000b40c       0x48 /usr/lib/gcc/arm-none-eabi/10.3.1/thumb/nofp/libgcc.a(_clzsi2.o)
                0x000000000000b40c                __clzsi2
 *fill*         0x000000000000b454        0x4 
 .text.__stub   0x000000000000b458       0x10 linker stubs
 *(.rodata*)
 .rodata.str1.4
                0x000000000000b468       0x55 gcc/main.o
 *fill*         0x000000000000b4bd        0x3 
 .rodata.str1.4
                0x000000000000b4c0        0x5 gcc/tasks.o
 *fill*         0x000000000000b4c5        0x3 
 .rodata.str1.4
                0x000000000000b4c8       0x30 gcc/BlockQ.o
 .rodata.str1.4
                0x000000000000b4f8       0x10 gcc/PollQ.o
 .rodata.str1.4
                0x000000000000b508        0x8 gcc/integer.o
 .rodata.str1.4
                0x000000000000b510       0x20 gcc/semtest.o
 .rodata        0x000000000000b530      0x25d gcc/osram96x16.o
 *fill*         0x000000000000b78d        0x3 
 .rodata        0x000000000000b790       0x30 hw_include/libdriver.a(interrupt_pulregs_.o)
                0x000000000000b790                g_pulRegs
 .rodata        0x000000000000b7c0        0xc hw_include/libdriver.a(sysctl_pulrcgcregs_.o)
                0x000000000000b7c0                g_pulRCGCRegs
 .rodata        0x000000000000b7cc       0x30 hw_include/libdriver.a(sysctl_pulxtals_.o)
                0x000000000000b7cc                g_pulXtals
 .rodata.str1.4
                0x000000000000b7fc       0x42 /usr/lib/gcc/arm-none-eabi/10.3.1/../../../arm-none-eabi/lib/thumb/nofp/libc.a(lib_a-svfprintf.o)
 *fill*         0x000000000000b83e        0x2 
 .rodata        0x000000000000b840      0x184 /usr/lib/gcc/arm-none-eabi/10.3.1/../../../arm-none-eabi/lib/thumb/nofp/libc.a(lib_a-svfprintf.o)
 .rodata.str1.4
                0x000000000000b9c4       0x53 /usr/lib/gcc/arm-none-eabi/10.3.1/../../../arm-none-eabi/lib/thumb/nofp/libc.a(lib_a-dtoa.o)
                                         0x57 (size before relaxing)
 *fill*         0x000000000000ba17        0x1 
 .rodata        0x000000000000ba18        0x4 /usr/lib/gcc/arm-none-eabi/10.3.1/../../../arm-none-eabi/lib/thumb/nofp/libc.a(lib_a-impure.o)
                0x000000000000ba18                _global_impure_ptr
 .rodata.str1.4
                0x000000000000ba1c       0x30 /usr/lib/gcc/arm-none-eabi/10.3.1/../../../arm-none-eabi/lib/thumb/nofp/libc.a(lib_a-mprec.o)
                                         0x44 (size before relaxing)
 *fill*         0x000000000000ba4c        0x4 
 .rodata        0x000000000000ba50      0x128 /usr/lib/gcc/arm-none-eabi/10.3.1/../../../arm-none-eabi/lib/thumb/nofp/libc.a(lib_a-mprec.o)
                0x000000000000ba60                __mprec_tinytens
                0x000000000000ba88                __mprec_bigtens
                0x000000000000bab0                __mprec_tens
 .rodata.str1.4
                0x000000000000bb78       0x2f /usr/lib/gcc/arm-none-eabi/10.3.1/../../../arm-none-eabi/lib/thumb/nofp/libc.a(lib_a-svfiprintf.o)
 .rodata        0x000000000000bb78      0x184 /usr/lib/gcc/arm-none-eabi/10.3.1/../../../arm-none-eabi/lib/thumb/nofp/libc.a(lib_a-svfiprintf.o)
 .rodata.str1.4
                0x000000000000bcfc       0x3f /usr/lib/gcc/arm-none-eabi/10.3.1/../../../arm-none-eabi/lib/thumb/nofp/libc.a(lib_a-assert.o)
                                         0x43 (size before relaxing)
 *fill*         0x000000000000bd3b        0x1 
 .rodata.str1.4
                0x000000000000bd3c        0xe /usr/lib/gcc/arm-none-eabi/10.3.1/../../../arm-none-eabi/lib/thumb/nofp/libc.a(lib_a-locale.o)
                                         0x12 (size before relaxing)
 .rodata.str1.4
                0x000000000000bd4a       0x2f /usr/lib/gcc/arm-none-eabi/10.3.1/../../../arm-none-eabi/lib/thumb/nofp/libc.a(lib_a-vfiprintf.o)
 *fill*         0x000000000000bd4a        0x2 
 .rodata        0x000000000000bd4c      0x184 /usr/lib/gcc/arm-none-eabi/10.3.1/../../../arm-none-eabi/lib/thumb/nofp/libc.a(lib_a-vfiprintf.o)
 .rodata        0x000000000000bed0      0x101 /usr/lib/gcc/arm-none-eabi/10.3.1/../../../arm-none-eabi/lib/thumb/nofp/libc.a(lib_a-ctype_.o)
                0x000000000000bed0                _ctype_
                0x000000000000bfd1                _etext = .

.ARM.extab      0x000000000000bfd1        0x0
 .ARM.extab     0x000000000000bfd1        0x0 /usr/lib/gcc/arm-none-eabi/10.3.1/thumb/nofp/libgcc.a(_udivmoddi4.o)

.ARM.exidx      0x000000000000bfd4        0x8
 .ARM.exidx     0x000000000000bfd4        0x8 /usr/lib/gcc/arm-none-eabi/10.3.1/thumb/nofp/libgcc.a(_udivmoddi4.o)

.glue_7         0x000000000000bfdc        0x0
 .glue_7        0x000000000000bfdc        0x0 linker stubs

.glue_7t        0x000000000000bfdc        0x0
 .glue_7t       0x000000000000bfdc        0x0 linker stubs

.vfp11_veneer   0x000000000000bfdc        0x0
 .vfp11_veneer  0x000000000000bfdc        0x0 linker stubs

.v4_bx          0x000000000000bfdc        0x0
 .v4_bx         0x000000000000bfdc        0x0 linker stubs

.iplt           0x000000000000bfdc        0x0
 .iplt          0x000000000000bfdc        0x0 gcc/startup.o

.rel.dyn        0x000000000000bfdc        0x0
 .rel.iplt      0x000000000000bfdc        0x0 gcc/startup.o

.data           0x0000000020000000      0x9b4 load address 0x000000000000bfd1
                0x0000000020000000                _data = .
 *(vtable)
 *(.data)
 .data          0x0000000020000000        0x0 gcc/startup.o
 .data          0x0000000020000000        0x0 gcc/main.o
 .data          0x0000000020000000        0x0 gcc/list.o
 .data          0x0000000020000000        0x0 gcc/queue.o
 .data          0x0000000020000000        0x4 gcc/tasks.o
                0x0000000020000000                uxTopUsedPriority
 .data          0x0000000020000004        0x4 gcc/port.o
 .data          0x0000000020000008        0x0 gcc/heap_1.o
 .data          0x0000000020000008        0x0 gcc/BlockQ.o
 .data          0x0000000020000008        0x0 gcc/PollQ.o
 .data          0x0000000020000008        0x0 gcc/integer.o
 .data          0x0000000020000008        0x0 gcc/semtest.o
 .data          0x0000000020000008        0x0 gcc/osram96x16.o
 .data          0x0000000020000008        0x0 hw_include/libdriver.a(gpio_dirmodeset_.o)
 .data          0x0000000020000008        0x0 hw_include/libdriver.a(gpio_pinintclear_.o)
 .data          0x0000000020000008        0x0 hw_include/libdriver.a(gpio_pintypei2c_.o)
 .data          0x0000000020000008        0x0 hw_include/libdriver.a(i2c_mastercontrol_.o)
 .data          0x0000000020000008        0x0 hw_include/libdriver.a(i2c_masterdataput_.o)
 .data          0x0000000020000008        0x0 hw_include/libdriver.a(i2c_masterinit_.o)
 .data          0x0000000020000008        0x0 hw_include/libdriver.a(i2c_masterintstatus_.o)
 .data          0x0000000020000008        0x0 hw_include/libdriver.a(i2c_masterslaveaddrset_.o)
 .data          0x0000000020000008        0x0 hw_include/libdriver.a(interrupt_enable_.o)
 .data          0x0000000020000008        0x0 hw_include/libdriver.a(interrupt_priorityset_.o)
 .data          0x0000000020000008        0x0 hw_include/libdriver.a(interrupt_pulregs_.o)
 .data          0x0000000020000008        0x0 hw_include/libdriver.a(sysctl_clockget_.o)
 .data          0x0000000020000008        0x0 hw_include/libdriver.a(sysctl_clockset_.o)
 .data          0x0000000020000008        0x0 hw_include/libdriver.a(sysctl_peripheralenable_.o)
 .data          0x0000000020000008        0x0 hw_include/libdriver.a(sysctl_pulrcgcregs_.o)
 .data          0x0000000020000008        0x0 hw_include/libdriver.a(sysctl_pulxtals_.o)
 .data          0x0000000020000008        0x0 hw_include/libdriver.a(uart_configset_.o)
 .data          0x0000000020000008        0x0 hw_include/libdriver.a(uart_disable_.o)
 .data          0x0000000020000008        0x0 hw_include/libdriver.a(uart_enable_.o)
 .data          0x0000000020000008        0x0 hw_include/libdriver.a(uart_intclear_.o)
 .data          0x0000000020000008        0x0 hw_include/libdriver.a(uart_intstatus_.o)
 .data          0x0000000020000008        0x0 hw_include/libdriver.a(gpio_padconfigset_.o)
 .data          0x0000000020000008        0x0 hw_include/libdriver.a(i2c_masterenable_.o)
 .data          0x0000000020000008        0x0 /usr/lib/gcc/arm-none-eabi/10.3.1/../../../arm-none-eabi/lib/thumb/nofp/libc.a(lib_a-memcpy-stub.o)
 .data          0x0000000020000008        0x0 /usr/lib/gcc/arm-none-eabi/10.3.1/../../../arm-none-eabi/lib/thumb/nofp/libc.a(lib_a-memset.o)
 .data          0x0000000020000008        0x0 /usr/lib/gcc/arm-none-eabi/10.3.1/../../../arm-none-eabi/lib/thumb/nofp/libc.a(lib_a-rand.o)
 .data          0x0000000020000008        0x0 /usr/lib/gcc/arm-none-eabi/10.3.1/../../../arm-none-eabi/lib/thumb/nofp/libc.a(lib_a-snprintf.o)
 .data          0x0000000020000008        0x0 /usr/lib/gcc/arm-none-eabi/10.3.1/../../../arm-none-eabi/lib/thumb/nofp/libc.a(lib_a-svfprintf.o)
 .data          0x0000000020000008        0x0 /usr/lib/gcc/arm-none-eabi/10.3.1/../../../arm-none-eabi/lib/thumb/nofp/libc.a(lib_a-dtoa.o)
 .data          0x0000000020000008      0x430 /usr/lib/gcc/arm-none-eabi/10.3.1/../../../arm-none-eabi/lib/thumb/nofp/libc.a(lib_a-impure.o)
                0x0000000020000008                _impure_ptr
 .data          0x0000000020000438        0x0 /usr/lib/gcc/arm-none-eabi/10.3.1/../../../arm-none-eabi/lib/thumb/nofp/libc.a(lib_a-localeconv.o)
 .data          0x0000000020000438      0x410 /usr/lib/gcc/arm-none-eabi/10.3.1/../../../arm-none-eabi/lib/thumb/nofp/libc.a(lib_a-mallocr.o)
                0x0000000020000438                __malloc_sbrk_base
                0x000000002000043c                __malloc_trim_threshold
                0x0000000020000440                __malloc_av_
 .data          0x0000000020000848        0x0 /usr/lib/gcc/arm-none-eabi/10.3.1/../../../arm-none-eabi/lib/thumb/nofp/libc.a(lib_a-memchr-stub.o)
 .data          0x0000000020000848        0x0 /usr/lib/gcc/arm-none-eabi/10.3.1/../../../arm-none-eabi/lib/thumb/nofp/libc.a(lib_a-mlock.o)
 .data          0x0000000020000848        0x0 /usr/lib/gcc/arm-none-eabi/10.3.1/../../../arm-none-eabi/lib/thumb/nofp/libc.a(lib_a-mprec.o)
 .data          0x0000000020000848        0x0 /usr/lib/gcc/arm-none-eabi/10.3.1/../../../arm-none-eabi/lib/thumb/nofp/libc.a(lib_a-sbrkr.o)
 .data          0x0000000020000848        0x0 /usr/lib/gcc/arm-none-eabi/10.3.1/../../../arm-none-eabi/lib/thumb/nofp/libc.a(lib_a-strlen-stub.o)
 .data          0x0000000020000848        0x0 /usr/lib/gcc/arm-none-eabi/10.3.1/../../../arm-none-eabi/lib/thumb/nofp/libc.a(lib_a-svfiprintf.o)
 .data          0x0000000020000848        0x0 /usr/lib/gcc/arm-none-eabi/10.3.1/../../../arm-none-eabi/lib/thumb/nofp/libc.a(lib_a-assert.o)
 .data          0x0000000020000848        0x0 /usr/lib/gcc/arm-none-eabi/10.3.1/../../../arm-none-eabi/lib/thumb/nofp/libc.a(lib_a-callocr.o)
 .data          0x0000000020000848        0x0 /usr/lib/gcc/arm-none-eabi/10.3.1/../../../arm-none-eabi/lib/thumb/nofp/libc.a(lib_a-fiprintf.o)
 .data          0x0000000020000848        0x0 /usr/lib/gcc/arm-none-eabi/10.3.1/../../../arm-none-eabi/lib/thumb/nofp/libc.a(lib_a-freer.o)
 .data          0x0000000020000848      0x16c /usr/lib/gcc/arm-none-eabi/10.3.1/../../../arm-none-eabi/lib/thumb/nofp/libc.a(lib_a-locale.o)
                0x0000000020000848                __global_locale
 .data          0x00000000200009b4        0x0 /usr/lib/gcc/arm-none-eabi/10.3.1/../../../arm-none-eabi/lib/thumb/nofp/libc.a(lib_a-mbtowc_r.o)
 .data          0x00000000200009b4        0x0 /usr/lib/gcc/arm-none-eabi/10.3.1/../../../arm-none-eabi/lib/thumb/nofp/libc.a(lib_a-memmove.o)
 .data          0x00000000200009b4        0x0 /usr/lib/gcc/arm-none-eabi/10.3.1/../../../arm-none-eabi/lib/thumb/nofp/libc.a(lib_a-reallocr.o)
 .data          0x00000000200009b4        0x0 /usr/lib/gcc/arm-none-eabi/10.3.1/../../../arm-none-eabi/lib/thumb/nofp/libc.a(lib_a-reent.o)
 .data          0x00000000200009b4        0x0 /usr/lib/gcc/arm-none-eabi/10.3.1/../../../arm-none-eabi/lib/thumb/nofp/libc.a(lib_a-strcmp.o)
 .data          0x00000000200009b4        0x0 /usr/lib/gcc/arm-none-eabi/10.3.1/../../../arm-none-eabi/lib/thumb/nofp/libc.a(lib_a-vfiprintf.o)
 .data          0x00000000200009b4        0x0 /usr/lib/gcc/arm-none-eabi/10.3.1/../../../arm-none-eabi/lib/thumb/nofp/libc.a(lib_a-wctomb_r.o)
 .data          0x00000000200009b4        0x0 /usr/lib/gcc/arm-none-eabi/10.3.1/../../../arm-none-eabi/lib/thumb/nofp/libc.a(lib_a-wsetup.o)
 .data          0x00000000200009b4        0x0 /usr/lib/gcc/arm-none-eabi/10.3.1/../../../arm-none-eabi/lib/thumb/nofp/libc.a(lib_a-abort.o)
 .data          0x00000000200009b4        0x0 /usr/lib/gcc/arm-none-eabi/10.3.1/../../../arm-none-eabi/lib/thumb/nofp/libc.a(lib_a-ctype_.o)
 .data          0x00000000200009b4        0x0 /usr/lib/gcc/arm-none-eabi/10.3.1/../../../arm-none-eabi/lib/thumb/nofp/libc.a(lib_a-fflush.o)
 .data          0x00000000200009b4        0x0 /usr/lib/gcc/arm-none-eabi/10.3.1/../../../arm-none-eabi/lib/thumb/nofp/libc.a(lib_a-findfp.o)
 .data          0x00000000200009b4        0x0 /usr/lib/gcc/arm-none-eabi/10.3.1/../../../arm-none-eabi/lib/thumb/nofp/libc.a(lib_a-fputwc.o)
 .data          0x00000000200009b4        0x0 /usr/lib/gcc/arm-none-eabi/10.3.1/../../../arm-none-eabi/lib/thumb/nofp/libc.a(lib_a-fvwrite.o)
 .data          0x00000000200009b4        0x0 /usr/lib/gcc/arm-none-eabi/10.3.1/../../../arm-none-eabi/lib/thumb/nofp/libc.a(lib_a-fwalk.o)
 .data          0x00000000200009b4        0x0 /usr/lib/gcc/arm-none-eabi/10.3.1/../../../arm-none-eabi/lib/thumb/nofp/libc.a(lib_a-makebuf.o)
 .data          0x00000000200009b4        0x0 /usr/lib/gcc/arm-none-eabi/10.3.1/../../../arm-none-eabi/lib/thumb/nofp/libc.a(lib_a-signal.o)
 .data          0x00000000200009b4        0x0 /usr/lib/gcc/arm-none-eabi/10.3.1/../../../arm-none-eabi/lib/thumb/nofp/libc.a(lib_a-signalr.o)
 .data          0x00000000200009b4        0x0 /usr/lib/gcc/arm-none-eabi/10.3.1/../../../arm-none-eabi/lib/thumb/nofp/libc.a(lib_a-stdio.o)
 .data          0x00000000200009b4        0x0 /usr/lib/gcc/arm-none-eabi/10.3.1/../../../arm-none-eabi/lib/thumb/nofp/libc.a(lib_a-wbuf.o)
 .data          0x00000000200009b4        0x0 /usr/lib/gcc/arm-none-eabi/10.3.1/../../../arm-none-eabi/lib/thumb/nofp/libc.a(lib_a-wcrtomb.o)
 .data          0x00000000200009b4        0x0 /usr/lib/gcc/arm-none-eabi/10.3.1/../../../arm-none-eabi/lib/thumb/nofp/libc.a(lib_a-writer.o)
 .data          0x00000000200009b4        0x0 /usr/lib/gcc/arm-none-eabi/10.3.1/../../../arm-none-eabi/lib/thumb/nofp/libc.a(lib_a-closer.o)
 .data          0x00000000200009b4        0x0 /usr/lib/gcc/arm-none-eabi/10.3.1/../../../arm-none-eabi/lib/thumb/nofp/libc.a(lib_a-fclose.o)
 .data          0x00000000200009b4        0x0 /usr/lib/gcc/arm-none-eabi/10.3.1/../../../arm-none-eabi/lib/thumb/nofp/libc.a(lib_a-fstatr.o)
 .data          0x00000000200009b4        0x0 /usr/lib/gcc/arm-none-eabi/10.3.1/../../../arm-none-eabi/lib/thumb/nofp/libc.a(lib_a-isattyr.o)
 .data          0x00000000200009b4        0x0 /usr/lib/gcc/arm-none-eabi/10.3.1/../../../arm-none-eabi/lib/thumb/nofp/libc.a(lib_a-lseekr.o)
 .data          0x00000000200009b4        0x0 /usr/lib/gcc/arm-none-eabi/10.3.1/../../../arm-none-eabi/lib/thumb/nofp/libc.a(lib_a-readr.o)
 .data          0x00000000200009b4        0x0 /usr/lib/gcc/arm-none-eabi/10.3.1/thumb/nofp/libgcc.a(_arm_muldf3.o)
 .data          0x00000000200009b4        0x0 /usr/lib/gcc/arm-none-eabi/10.3.1/thumb/nofp/libgcc.a(_udivsi3.o)
 .data          0x00000000200009b4        0x0 /usr/lib/gcc/arm-none-eabi/10.3.1/thumb/nofp/libgcc.a(_divsi3.o)
 .data          0x00000000200009b4        0x0 /usr/lib/gcc/arm-none-eabi/10.3.1/thumb/nofp/libgcc.a(_dvmd_tls.o)
 .data          0x00000000200009b4        0x0 /usr/lib/gcc/arm-none-eabi/10.3.1/thumb/nofp/libgcc.a(_arm_addsubdf3.o)
 .data          0x00000000200009b4        0x0 /usr/lib/gcc/arm-none-eabi/10.3.1/thumb/nofp/libgcc.a(_arm_muldivdf3.o)
 .data          0x00000000200009b4        0x0 /usr/lib/gcc/arm-none-eabi/10.3.1/thumb/nofp/libgcc.a(_arm_cmpdf2.o)
 .data          0x00000000200009b4        0x0 /usr/lib/gcc/arm-none-eabi/10.3.1/thumb/nofp/libgcc.a(_arm_unorddf2.o)
 .data          0x00000000200009b4        0x0 /usr/lib/gcc/arm-none-eabi/10.3.1/thumb/nofp/libgcc.a(_arm_fixdfsi.o)
 .data          0x00000000200009b4        0x0 /usr/lib/gcc/arm-none-eabi/10.3.1/thumb/nofp/libgcc.a(_aeabi_uldivmod.o)
 .data          0x00000000200009b4        0x0 /usr/lib/gcc/arm-none-eabi/10.3.1/thumb/nofp/libgcc.a(_muldi3.o)
 .data          0x00000000200009b4        0x0 /usr/lib/gcc/arm-none-eabi/10.3.1/thumb/nofp/libgcc.a(_udivmoddi4.o)
 .data          0x00000000200009b4        0x0 /usr/lib/gcc/arm-none-eabi/10.3.1/thumb/nofp/libgcc.a(_clzdi2.o)
 .data          0x00000000200009b4        0x0 /usr/lib/gcc/arm-none-eabi/10.3.1/thumb/nofp/libgcc.a(_clzsi2.o)
                0x00000000200009b4                _edata = .

.igot.plt       0x00000000200009b4        0x0 load address 0x000000000000c988
 .igot.plt      0x00000000200009b4        0x0 gcc/startup.o

.bss            0x00000000200009b4     0x1dc8 load address 0x000000000000c988
                0x00000000200009b4                _bss = .
 *(.bss)
 .bss           0x00000000200009b4      0x100 gcc/startup.o
 .bss           0x0000000020000ab4        0xc gcc/main.o
                0x0000000020000ab4                xPrintQueue
                0x0000000020000ab8                xButtonSemaphore
 .bss           0x0000000020000ac0        0x0 gcc/list.o
 .bss           0x0000000020000ac0        0x0 gcc/queue.o
 .bss           0x0000000020000ac0       0xd8 gcc/tasks.o
                0x0000000020000ac4                pxCurrentTCB
 .bss           0x0000000020000b98        0x0 gcc/port.o
 .bss           0x0000000020000b98     0x1b60 gcc/heap_1.o
 .bss           0x00000000200026f8       0x1e gcc/BlockQ.o
 *fill*         0x0000000020002716        0x2 
 .bss           0x0000000020002718        0xc gcc/PollQ.o
 .bss           0x0000000020002724        0x4 gcc/integer.o
 .bss           0x0000000020002728       0x14 gcc/semtest.o
 .bss           0x000000002000273c        0x4 gcc/osram96x16.o
 .bss           0x0000000020002740        0x0 hw_include/libdriver.a(gpio_dirmodeset_.o)
 .bss           0x0000000020002740        0x0 hw_include/libdriver.a(gpio_pinintclear_.o)
 .bss           0x0000000020002740        0x0 hw_include/libdriver.a(gpio_pintypei2c_.o)
 .bss           0x0000000020002740        0x0 hw_include/libdriver.a(i2c_mastercontrol_.o)
 .bss           0x0000000020002740        0x0 hw_include/libdriver.a(i2c_masterdataput_.o)
 .bss           0x0000000020002740        0x0 hw_include/libdriver.a(i2c_masterinit_.o)
 .bss           0x0000000020002740        0x0 hw_include/libdriver.a(i2c_masterintstatus_.o)
 .bss           0x0000000020002740        0x0 hw_include/libdriver.a(i2c_masterslaveaddrset_.o)
 .bss           0x0000000020002740        0x0 hw_include/libdriver.a(interrupt_enable_.o)
 .bss           0x0000000020002740        0x0 hw_include/libdriver.a(interrupt_priorityset_.o)
 .bss           0x0000000020002740        0x0 hw_include/libdriver.a(interrupt_pulregs_.o)
 .bss           0x0000000020002740        0x0 hw_include/libdriver.a(sysctl_clockget_.o)
 .bss           0x0000000020002740        0x0 hw_include/libdriver.a(sysctl_clockset_.o)
 .bss           0x0000000020002740        0x0 hw_include/libdriver.a(sysctl_peripheralenable_.o)
 .bss           0x0000000020002740        0x0 hw_include/libdriver.a(sysctl_pulrcgcregs_.o)
 .bss           0x0000000020002740        0x0 hw_include/libdriver.a(sysctl_pulxtals_.o)
 .bss           0x0000000020002740        0x0 hw_include/libdriver.a(uart_configset_.o)
 .bss           0x0000000020002740        0x0 hw_include/libdriver.a(uart_disable_.o)
 .bss           0x0000000020002740        0x0 hw_include/libdriver.a(uart_enable_.o)
 .bss           0x0000000020002740        0x0 hw_include/libdriver.a(uart_intclear_.o)
 .bss           0x0000000020002740        0x0 hw_include/libdriver.a(uart_intstatus_.o)
 .bss           0x0000000020002740        0x0 hw_include/libdriver.a(gpio_padconfigset_.o)
 .bss           0x0000000020002740        0x0 hw_include/libdriver.a(i2c_masterenable_.o)
 .bss           0x0000000020002740        0x0 /usr/lib/gcc/arm-none-eabi/10.3.1/../../../arm-none-eabi/lib/thumb/nofp/libc.a(lib_a-memcpy-stub.o)
 .bss           0x0000000020002740        0x0 /usr/lib/gcc/arm-none-eabi/10.3.1/../../../arm-none-eabi/lib/thumb/nofp/libc.a(lib_a-memset.o)
 .bss           0x0000000020002740        0x0 /usr/lib/gcc/arm-none-eabi/10.3.1/../../../arm-none-eabi/lib/thumb/nofp/libc.a(lib_a-rand.o)
 .bss           0x0000000020002740        0x0 /usr/lib/gcc/arm-none-eabi/10.3.1/../../../arm-none-eabi/lib/thumb/nofp/libc.a(lib_a-snprintf.o)
 .bss           0x0000000020002740        0x0 /usr/lib/gcc/arm-none-eabi/10.3.1/../../../arm-none-eabi/lib/thumb/nofp/libc.a(lib_a-svfprintf.o)
 .bss           0x0000000020002740        0x0 /usr/lib/gcc/arm-none-eabi/10.3.1/../../../arm-none-eabi/lib/thumb/nofp/libc.a(lib_a-dtoa.o)
 .bss           0x0000000020002740        0x0 /usr/lib/gcc/arm-none-eabi/10.3.1/../../../arm-none-eabi/lib/thumb/nofp/libc.a(lib_a-impure.o)
 .bss           0x0000000020002740        0x0 /usr/lib/gcc/arm-none-eabi/10.3.1/../../../arm-none-eabi/lib/thumb/nofp/libc.a(lib_a-localeconv.o)
 .bss           0x0000000020002740       0x34 /usr/lib/gcc/arm-none-eabi/10.3.1/../../../arm-none-eabi/lib/thumb/nofp/libc.a(lib_a-mallocr.o)
                0x0000000020002740                __malloc_top_pad
                0x0000000020002744                __malloc_current_mallinfo
                0x000000002000276c                __malloc_max_sbrked_mem
                0x0000000020002770                __malloc_max_total_mem
 .bss           0x0000000020002774        0x0 /usr/lib/gcc/arm-none-eabi/10.3.1/../../../arm-none-eabi/lib/thumb/nofp/libc.a(lib_a-memchr-stub.o)
 .bss           0x0000000020002774        0x0 /usr/lib/gcc/arm-none-eabi/10.3.1/../../../arm-none-eabi/lib/thumb/nofp/libc.a(lib_a-mlock.o)
 .bss           0x0000000020002774        0x0 /usr/lib/gcc/arm-none-eabi/10.3.1/../../../arm-none-eabi/lib/thumb/nofp/libc.a(lib_a-mprec.o)
 .bss           0x0000000020002774        0x0 /usr/lib/gcc/arm-none-eabi/10.3.1/../../../arm-none-eabi/lib/thumb/nofp/libc.a(lib_a-sbrkr.o)
 .bss           0x0000000020002774        0x0 /usr/lib/gcc/arm-none-eabi/10.3.1/../../../arm-none-eabi/lib/thumb/nofp/libc.a(lib_a-strlen-stub.o)
 .bss           0x0000000020002774        0x0 /usr/lib/gcc/arm-none-eabi/10.3.1/../../../arm-none-eabi/lib/thumb/nofp/libc.a(lib_a-svfiprintf.o)
 .bss           0x0000000020002774        0x0 /usr/lib/gcc/arm-none-eabi/10.3.1/../../../arm-none-eabi/lib/thumb/nofp/libc.a(lib_a-assert.o)
 .bss           0x0000000020002774        0x0 /usr/lib/gcc/arm-none-eabi/10.3.1/../../../arm-none-eabi/lib/thumb/nofp/libc.a(lib_a-callocr.o)
 .bss           0x0000000020002774        0x0 /usr/lib/gcc/arm-none-eabi/10.3.1/../../../arm-none-eabi/lib/thumb/nofp/libc.a(lib_a-fiprintf.o)
 .bss           0x0000000020002774        0x0 /usr/lib/gcc/arm-none-eabi/10.3.1/../../../arm-none-eabi/lib/thumb/nofp/libc.a(lib_a-freer.o)
 .bss           0x0000000020002774        0x4 /usr/lib/gcc/arm-none-eabi/10.3.1/../../../arm-none-eabi/lib/thumb/nofp/libc.a(lib_a-locale.o)
                0x0000000020002774                _PathLocale
 .bss           0x0000000020002778        0x0 /usr/lib/gcc/arm-none-eabi/10.3.1/../../../arm-none-eabi/lib/thumb/nofp/libc.a(lib_a-mbtowc_r.o)
 .bss           0x0000000020002778        0x0 /usr/lib/gcc/arm-none-eabi/10.3.1/../../../arm-none-eabi/lib/thumb/nofp/libc.a(lib_a-memmove.o)
 .bss           0x0000000020002778        0x0 /usr/lib/gcc/arm-none-eabi/10.3.1/../../../arm-none-eabi/lib/thumb/nofp/libc.a(lib_a-reallocr.o)
 .bss           0x0000000020002778        0x4 /usr/lib/gcc/arm-none-eabi/10.3.1/../../../arm-none-eabi/lib/thumb/nofp/libc.a(lib_a-reent.o)
                0x0000000020002778                errno
 .bss           0x000000002000277c        0x0 /usr/lib/gcc/arm-none-eabi/10.3.1/../../../arm-none-eabi/lib/thumb/nofp/libc.a(lib_a-strcmp.o)
 .bss           0x000000002000277c        0x0 /usr/lib/gcc/arm-none-eabi/10.3.1/../../../arm-none-eabi/lib/thumb/nofp/libc.a(lib_a-vfiprintf.o)
 .bss           0x000000002000277c        0x0 /usr/lib/gcc/arm-none-eabi/10.3.1/../../../arm-none-eabi/lib/thumb/nofp/libc.a(lib_a-wctomb_r.o)
 .bss           0x000000002000277c        0x0 /usr/lib/gcc/arm-none-eabi/10.3.1/../../../arm-none-eabi/lib/thumb/nofp/libc.a(lib_a-wsetup.o)
 .bss           0x000000002000277c        0x0 /usr/lib/gcc/arm-none-eabi/10.3.1/../../../arm-none-eabi/lib/thumb/nofp/libc.a(lib_a-abort.o)
 .bss           0x000000002000277c        0x0 /usr/lib/gcc/arm-none-eabi/10.3.1/../../../arm-none-eabi/lib/thumb/nofp/libc.a(lib_a-ctype_.o)
 .bss           0x000000002000277c        0x0 /usr/lib/gcc/arm-none-eabi/10.3.1/../../../arm-none-eabi/lib/thumb/nofp/libc.a(lib_a-fflush.o)
 .bss           0x000000002000277c        0x0 /usr/lib/gcc/arm-none-eabi/10.3.1/../../../arm-none-eabi/lib/thumb/nofp/libc.a(lib_a-findfp.o)
 .bss           0x000000002000277c        0x0 /usr/lib/gcc/arm-none-eabi/10.3.1/../../../arm-none-eabi/lib/thumb/nofp/libc.a(lib_a-fputwc.o)
 .bss           0x000000002000277c        0x0 /usr/lib/gcc/arm-none-eabi/10.3.1/../../../arm-none-eabi/lib/thumb/nofp/libc.a(lib_a-fvwrite.o)
 .bss           0x000000002000277c        0x0 /usr/lib/gcc/arm-none-eabi/10.3.1/../../../arm-none-eabi/lib/thumb/nofp/libc.a(lib_a-fwalk.o)
 .bss           0x000000002000277c        0x0 /usr/lib/gcc/arm-none-eabi/10.3.1/../../../arm-none-eabi/lib/thumb/nofp/libc.a(lib_a-makebuf.o)
 .bss           0x000000002000277c        0x0 /usr/lib/gcc/arm-none-eabi/10.3.1/../../../arm-none-eabi/lib/thumb/nofp/libc.a(lib_a-signal.o)
 .bss           0x000000002000277c        0x0 /usr/lib/gcc/arm-none-eabi/10.3.1/../../../arm-none-eabi/lib/thumb/nofp/libc.a(lib_a-signalr.o)
 .bss           0x000000002000277c        0x0 /usr/lib/gcc/arm-none-eabi/10.3.1/../../../arm-none-eabi/lib/thumb/nofp/libc.a(lib_a-stdio.o)
 .bss           0x000000002000277c        0x0 /usr/lib/gcc/arm-none-eabi/10.3.1/../../../arm-none-eabi/lib/thumb/nofp/libc.a(lib_a-wbuf.o)
 .bss           0x000000002000277c        0x0 /usr/lib/gcc/arm-none-eabi/10.3.1/../../../arm-none-eabi/lib/thumb/nofp/libc.a(lib_a-wcrtomb.o)
 .bss           0x000000002000277c        0x0 /usr/lib/gcc/arm-none-eabi/10.3.1/../../../arm-none-eabi/lib/thumb/nofp/libc.a(lib_a-writer.o)
 .bss           0x000000002000277c        0x0 /usr/lib/gcc/arm-none-eabi/10.3.1/../../../arm-none-eabi/lib/thumb/nofp/libc.a(lib_a-closer.o)
 .bss           0x000000002000277c        0x0 /usr/lib/gcc/arm-none-eabi/10.3.1/../../../arm-none-eabi/lib/thumb/nofp/libc.a(lib_a-fclose.o)
 .bss           0x000000002000277c        0x0 /usr/lib/gcc/arm-none-eabi/10.3.1/../../../arm-none-eabi/lib/thumb/nofp/libc.a(lib_a-fstatr.o)
 .bss           0x000000002000277c        0x0 /usr/lib/gcc/arm-none-eabi/10.3.1/../../../arm-none-eabi/lib/thumb/nofp/libc.a(lib_a-isattyr.o)
 .bss           0x000000002000277c        0x0 /usr/lib/gcc/arm-none-eabi/10.3.1/../../../arm-none-eabi/lib/thumb/nofp/libc.a(lib_a-lseekr.o)
 .bss           0x000000002000277c        0x0 /usr/lib/gcc/arm-none-eabi/10.3.1/../../../arm-none-eabi/lib/thumb/nofp/libc.a(lib_a-readr.o)
 .bss           0x000000002000277c        0x0 /usr/lib/gcc/arm-none-eabi/10.3.1/thumb/nofp/libgcc.a(_arm_muldf3.o)
 .bss           0x000000002000277c        0x0 /usr/lib/gcc/arm-none-eabi/10.3.1/thumb/nofp/libgcc.a(_udivsi3.o)
 .bss           0x000000002000277c        0x0 /usr/lib/gcc/arm-none-eabi/10.3.1/thumb/nofp/libgcc.a(_divsi3.o)
 .bss           0x000000002000277c        0x0 /usr/lib/gcc/arm-none-eabi/10.3.1/thumb/nofp/libgcc.a(_dvmd_tls.o)
 .bss           0x000000002000277c        0x0 /usr/lib/gcc/arm-none-eabi/10.3.1/thumb/nofp/libgcc.a(_arm_addsubdf3.o)
 .bss           0x000000002000277c        0x0 /usr/lib/gcc/arm-none-eabi/10.3.1/thumb/nofp/libgcc.a(_arm_muldivdf3.o)
 .bss           0x000000002000277c        0x0 /usr/lib/gcc/arm-none-eabi/10.3.1/thumb/nofp/libgcc.a(_arm_cmpdf2.o)
 .bss           0x000000002000277c        0x0 /usr/lib/gcc/arm-none-eabi/10.3.1/thumb/nofp/libgcc.a(_arm_unorddf2.o)
 .bss           0x000000002000277c        0x0 /usr/lib/gcc/arm-none-eabi/10.3.1/thumb/nofp/libgcc.a(_arm_fixdfsi.o)
 .bss           0x000000002000277c        0x0 /usr/lib/gcc/arm-none-eabi/10.3.1/thumb/nofp/libgcc.a(_aeabi_uldivmod.o)
 .bss           0x000000002000277c        0x0 /usr/lib/gcc/arm-none-eabi/10.3.1/thumb/nofp/libgcc.a(_muldi3.o)
 .bss           0x000000002000277c        0x0 /usr/lib/gcc/arm-none-eabi/10.3.1/thumb/nofp/libgcc.a(_udivmoddi4.o)
 .bss           0x000000002000277c        0x0 /usr/lib/gcc/arm-none-eabi/10.3.1/thumb/nofp/libgcc.a(_clzdi2.o)
 .bss           0x000000002000277c        0x0 /usr/lib/gcc/arm-none-eabi/10.3.1/thumb/nofp/libgcc.a(_clzsi2.o)
 *(COMMON)
                0x000000002000277c                _ebss = .
LOAD gcc/startup.o
LOAD gcc/main.o
LOAD gcc/list.o
LOAD gcc/queue.o
LOAD gcc/tasks.o
LOAD gcc/port.o
LOAD gcc/heap_1.o
LOAD gcc/BlockQ.o
LOAD gcc/PollQ.o
LOAD gcc/integer.o
LOAD gcc/semtest.o
LOAD gcc/osram96x16.o
LOAD hw_include/libdriver.a
LOAD /usr/lib/gcc/arm-none-eabi/10.3.1/../../../arm-none-eabi/lib/thumb/nofp/libc.a
LOAD /usr/lib/gcc/arm-none-eabi/10.3.1/thumb/nofp/libgcc.a
OUTPUT(gcc/RTOSDemo.axf elf32-littlearm)
LOAD linker stubs

.comment        0x0000000000000000      0x341
 .comment       0x0000000000000000       0x33 gcc/startup.o
                                         0x34 (size before relaxing)
 .comment       0x0000000000000033       0x34 gcc/main.o
 .comment       0x0000000000000033       0x34 gcc/list.o
 .comment       0x0000000000000033       0x34 gcc/queue.o
 .comment       0x0000000000000033       0x34 gcc/tasks.o
 .comment       0x0000000000000033       0x34 gcc/port.o
 .comment       0x0000000000000033       0x34 gcc/heap_1.o
 .comment       0x0000000000000033       0x34 gcc/BlockQ.o
 .comment       0x0000000000000033       0x34 gcc/PollQ.o
 .comment       0x0000000000000033       0x34 gcc/integer.o
 .comment       0x0000000000000033       0x34 gcc/semtest.o
 .comment       0x0000000000000033       0x34 gcc/osram96x16.o
 .comment       0x0000000000000033       0x22 hw_include/libdriver.a(gpio_dirmodeset_.o)
 .comment       0x0000000000000055       0x22 hw_include/libdriver.a(gpio_pinintclear_.o)
 .comment       0x0000000000000077       0x22 hw_include/libdriver.a(gpio_pintypei2c_.o)
 .comment       0x0000000000000099       0x22 hw_include/libdriver.a(i2c_mastercontrol_.o)
 .comment       0x00000000000000bb       0x22 hw_include/libdriver.a(i2c_masterdataput_.o)
 .comment       0x00000000000000dd       0x22 hw_include/libdriver.a(i2c_masterinit_.o)
 .comment       0x00000000000000ff       0x22 hw_include/libdriver.a(i2c_masterintstatus_.o)
 .comment       0x0000000000000121       0x22 hw_include/libdriver.a(i2c_masterslaveaddrset_.o)
 .comment       0x0000000000000143       0x22 hw_include/libdriver.a(interrupt_enable_.o)
 .comment       0x0000000000000165       0x22 hw_include/libdriver.a(interrupt_priorityset_.o)
 .comment       0x0000000000000187       0x22 hw_include/libdriver.a(interrupt_pulregs_.o)
 .comment       0x00000000000001a9       0x22 hw_include/libdriver.a(sysctl_clockget_.o)
 .comment       0x00000000000001cb       0x22 hw_include/libdriver.a(sysctl_clockset_.o)
 .comment       0x00000000000001ed       0x22 hw_include/libdriver.a(sysctl_peripheralenable_.o)
 .comment       0x000000000000020f       0x22 hw_include/libdriver.a(sysctl_pulrcgcregs_.o)
 .comment       0x0000000000000231       0x22 hw_include/libdriver.a(sysctl_pulxtals_.o)
 .comment       0x0000000000000253       0x22 hw_include/libdriver.a(uart_configset_.o)
 .comment       0x0000000000000275       0x22 hw_include/libdriver.a(uart_disable_.o)
 .comment       0x0000000000000297       0x22 hw_include/libdriver.a(uart_enable_.o)
 .comment       0x00000000000002b9       0x22 hw_include/libdriver.a(uart_intclear_.o)
 .comment       0x00000000000002db       0x22 hw_include/libdriver.a(uart_intstatus_.o)
 .comment       0x00000000000002fd       0x22 hw_include/libdriver.a(gpio_padconfigset_.o)
 .comment       0x000000000000031f       0x22 hw_include/libdriver.a(i2c_masterenable_.o)
 .comment       0x0000000000000341       0x34 /usr/lib/gcc/arm-none-eabi/10.3.1/../../../arm-none-eabi/lib/thumb/nofp/libc.a(lib_a-memcpy-stub.o)
 .comment       0x0000000000000341       0x34 /usr/lib/gcc/arm-none-eabi/10.3.1/../../../arm-none-eabi/lib/thumb/nofp/libc.a(lib_a-memset.o)
 .comment       0x0000000000000341       0x34 /usr/lib/gcc/arm-none-eabi/10.3.1/../../../arm-none-eabi/lib/thumb/nofp/libc.a(lib_a-rand.o)
 .comment       0x0000000000000341       0x34 /usr/lib/gcc/arm-none-eabi/10.3.1/../../../arm-none-eabi/lib/thumb/nofp/libc.a(lib_a-snprintf.o)
 .comment       0x0000000000000341       0x34 /usr/lib/gcc/arm-none-eabi/10.3.1/../../../arm-none-eabi/lib/thumb/nofp/libc.a(lib_a-svfprintf.o)
 .comment       0x0000000000000341       0x34 /usr/lib/gcc/arm-none-eabi/10.3.1/../../../arm-none-eabi/lib/thumb/nofp/libc.a(lib_a-dtoa.o)
 .comment       0x0000000000000341       0x34 /usr/lib/gcc/arm-none-eabi/10.3.1/../../../arm-none-eabi/lib/thumb/nofp/libc.a(lib_a-impure.o)
 .comment       0x0000000000000341       0x34 /usr/lib/gcc/arm-none-eabi/10.3.1/../../../arm-none-eabi/lib/thumb/nofp/libc.a(lib_a-localeconv.o)
 .comment       0x0000000000000341       0x34 /usr/lib/gcc/arm-none-eabi/10.3.1/../../../arm-none-eabi/lib/thumb/nofp/libc.a(lib_a-mallocr.o)
 .comment       0x0000000000000341       0x34 /usr/lib/gcc/arm-none-eabi/10.3.1/../../../arm-none-eabi/lib/thumb/nofp/libc.a(lib_a-memchr-stub.o)
 .comment       0x0000000000000341       0x34 /usr/lib/gcc/arm-none-eabi/10.3.1/../../../arm-none-eabi/lib/thumb/nofp/libc.a(lib_a-mlock.o)
 .comment       0x0000000000000341       0x34 /usr/lib/gcc/arm-none-eabi/10.3.1/../../../arm-none-eabi/lib/thumb/nofp/libc.a(lib_a-mprec.o)
 .comment       0x0000000000000341       0x34 /usr/lib/gcc/arm-none-eabi/10.3.1/../../../arm-none-eabi/lib/thumb/nofp/libc.a(lib_a-sbrkr.o)
 .comment       0x0000000000000341       0x34 /usr/lib/gcc/arm-none-eabi/10.3.1/../../../arm-none-eabi/lib/thumb/nofp/libc.a(lib_a-strlen-stub.o)
 .comment       0x0000000000000341       0x34 /usr/lib/gcc/arm-none-eabi/10.3.1/../../../arm-none-eabi/lib/thumb/nofp/libc.a(lib_a-svfiprintf.o)
 .comment       0x0000000000000341       0x34 /usr/lib/gcc/arm-none-eabi/10.3.1/../../../arm-none-eabi/lib/thumb/nofp/libc.a(lib_a-assert.o)
 .comment       0x0000000000000341       0x34 /usr/lib/gcc/arm-none-eabi/10.3.1/../../../arm-none-eabi/lib/thumb/nofp/libc.a(lib_a-callocr.o)
 .comment       0x0000000000000341       0x34 /usr/lib/gcc/arm-none-eabi/10.3.1/../../../arm-none-eabi/lib/thumb/nofp/libc.a(lib_a-fiprintf.o)
 .comment       0x0000000000000341       0x34 /usr/lib/gcc/arm-none-eabi/10.3.1/../../../arm-none-eabi/lib/thumb/nofp/libc.a(lib_a-freer.o)
 .comment       0x0000000000000341       0x34 /usr/lib/gcc/arm-none-eabi/10.3.1/../../../arm-none-eabi/lib/thumb/nofp/libc.a(lib_a-locale.o)
 .comment       0x0000000000000341       0x34 /usr/lib/gcc/arm-none-eabi/10.3.1/../../../arm-none-eabi/lib/thumb/nofp/libc.a(lib_a-mbtowc_r.o)
 .comment       0x0000000000000341       0x34 /usr/lib/gcc/arm-none-eabi/10.3.1/../../../arm-none-eabi/lib/thumb/nofp/libc.a(lib_a-memmove.o)
 .comment       0x0000000000000341       0x34 /usr/lib/gcc/arm-none-eabi/10.3.1/../../../arm-none-eabi/lib/thumb/nofp/libc.a(lib_a-reallocr.o)
 .comment       0x0000000000000341       0x34 /usr/lib/gcc/arm-none-eabi/10.3.1/../../../arm-none-eabi/lib/thumb/nofp/libc.a(lib_a-reent.o)
 .comment       0x0000000000000341       0x34 /usr/lib/gcc/arm-none-eabi/10.3.1/../../../arm-none-eabi/lib/thumb/nofp/libc.a(lib_a-vfiprintf.o)
 .comment       0x0000000000000341       0x34 /usr/lib/gcc/arm-none-eabi/10.3.1/../../../arm-none-eabi/lib/thumb/nofp/libc.a(lib_a-wctomb_r.o)
 .comment       0x0000000000000341       0x34 /usr/lib/gcc/arm-none-eabi/10.3.1/../../../arm-none-eabi/lib/thumb/nofp/libc.a(lib_a-wsetup.o)
 .comment       0x0000000000000341       0x34 /usr/lib/gcc/arm-none-eabi/10.3.1/../../../arm-none-eabi/lib/thumb/nofp/libc.a(lib_a-abort.o)
 .comment       0x0000000000000341       0x34 /usr/lib/gcc/arm-none-eabi/10.3.1/../../../arm-none-eabi/lib/thumb/nofp/libc.a(lib_a-ctype_.o)
 .comment       0x0000000000000341       0x34 /usr/lib/gcc/arm-none-eabi/10.3.1/../../../arm-none-eabi/lib/thumb/nofp/libc.a(lib_a-fflush.o)
 .comment       0x0000000000000341       0x34 /usr/lib/gcc/arm-none-eabi/10.3.1/../../../arm-none-eabi/lib/thumb/nofp/libc.a(lib_a-findfp.o)
 .comment       0x0000000000000341       0x34 /usr/lib/gcc/arm-none-eabi/10.3.1/../../../arm-none-eabi/lib/thumb/nofp/libc.a(lib_a-fputwc.o)
 .comment       0x0000000000000341       0x34 /usr/lib/gcc/arm-none-eabi/10.3.1/../../../arm-none-eabi/lib/thumb/nofp/libc.a(lib_a-fvwrite.o)
 .comment       0x0000000000000341       0x34 /usr/lib/gcc/arm-none-eabi/10.3.1/../../../arm-none-eabi/lib/thumb/nofp/libc.a(lib_a-fwalk.o)
 .comment       0x0000000000000341       0x34 /usr/lib/gcc/arm-none-eabi/10.3.1/../../../arm-none-eabi/lib/thumb/nofp/libc.a(lib_a-makebuf.o)
 .comment       0x0000000000000341       0x34 /usr/lib/gcc/arm-none-eabi/10.3.1/../../../arm-none-eabi/lib/thumb/nofp/libc.a(lib_a-signal.o)
 .comment       0x0000000000000341       0x34 /usr/lib/gcc/arm-none-eabi/10.3.1/../../../arm-none-eabi/lib/thumb/nofp/libc.a(lib_a-signalr.o)
 .comment       0x0000000000000341       0x34 /usr/lib/gcc/arm-none-eabi/10.3.1/../../../arm-none-eabi/lib/thumb/nofp/libc.a(lib_a-stdio.o)
 .comment       0x0000000000000341       0x34 /usr/lib/gcc/arm-none-eabi/10.3.1/../../../arm-none-eabi/lib/thumb/nofp/libc.a(lib_a-wbuf.o)
 .comment       0x0000000000000341       0x34 /usr/lib/gcc/arm-none-eabi/10.3.1/../../../arm-none-eabi/lib/thumb/nofp/libc.a(lib_a-wcrtomb.o)
 .comment       0x0000000000000341       0x34 /usr/lib/gcc/arm-none-eabi/10.3.1/../../../arm-none-eabi/lib/thumb/nofp/libc.a(lib_a-writer.o)
 .comment       0x0000000000000341       0x34 /usr/lib/gcc/arm-none-eabi/10.3.1/../../../arm-none-eabi/lib/thumb/nofp/libc.a(lib_a-closer.o)
 .comment       0x0000000000000341       0x34 /usr/lib/gcc/arm-none-eabi/10.3.1/../../../arm-none-eabi/lib/thumb/nofp/libc.a(lib_a-fclose.o)
 .comment       0x0000000000000341       0x34 /usr/lib/gcc/arm-none-eabi/10.3.1/../../../arm-none-eabi/lib/thumb/nofp/libc.a(lib_a-fstatr.o)
 .comment       0x0000000000000341       0x34 /usr/lib/gcc/arm-none-eabi/10.3.1/../../../arm-none-eabi/lib/thumb/nofp/libc.a(lib_a-isattyr.o)
 .comment       0x0000000000000341       0x34 /usr/lib/gcc/arm-none-eabi/10.3.1/../../../arm-none-eabi/lib/thumb/nofp/libc.a(lib_a-lseekr.o)
 .comment       0x0000000000000341       0x34 /usr/lib/gcc/arm-none-eabi/10.3.1/../../../arm-none-eabi/lib/thumb/nofp/libc.a(lib_a-readr.o)
 .comment       0x0000000000000341       0x34 /usr/lib/gcc/arm-none-eabi/10.3.1/thumb/nofp/libgcc.a(_muldi3.o)
 .comment       0x0000000000000341       0x34 /usr/lib/gcc/arm-none-eabi/10.3.1/thumb/nofp/libgcc.a(_udivmoddi4.o)

.ARM.attributes
                0x0000000000000000       0x2d
 .ARM.attributes
                0x0000000000000000       0x2d gcc/startup.o
 .ARM.attributes
                0x000000000000002d       0x2d gcc/main.o
 .ARM.attributes
                0x000000000000005a       0x2d gcc/list.o
 .ARM.attributes
                0x0000000000000087       0x2d gcc/queue.o
 .ARM.attributes
                0x00000000000000b4       0x2d gcc/tasks.o
 .ARM.attributes
                0x00000000000000e1       0x2d gcc/port.o
 .ARM.attributes
                0x000000000000010e       0x2d gcc/heap_1.o
 .ARM.attributes
                0x000000000000013b       0x2d gcc/BlockQ.o
 .ARM.attributes
                0x0000000000000168       0x2d gcc/PollQ.o
 .ARM.attributes
                0x0000000000000195       0x2d gcc/integer.o
 .ARM.attributes
                0x00000000000001c2       0x2d gcc/semtest.o
 .ARM.attributes
                0x00000000000001ef       0x2d gcc/osram96x16.o
 .ARM.attributes
                0x000000000000021c       0x31 hw_include/libdriver.a(gpio_dirmodeset_.o)
 .ARM.attributes
                0x000000000000024d       0x31 hw_include/libdriver.a(gpio_pinintclear_.o)
 .ARM.attributes
                0x000000000000027e       0x31 hw_include/libdriver.a(gpio_pintypei2c_.o)
 .ARM.attributes
                0x00000000000002af       0x31 hw_include/libdriver.a(i2c_mastercontrol_.o)
 .ARM.attributes
                0x00000000000002e0       0x31 hw_include/libdriver.a(i2c_masterdataput_.o)
 .ARM.attributes
                0x0000000000000311       0x31 hw_include/libdriver.a(i2c_masterinit_.o)
 .ARM.attributes
                0x0000000000000342       0x31 hw_include/libdriver.a(i2c_masterintstatus_.o)
 .ARM.attributes
                0x0000000000000373       0x31 hw_include/libdriver.a(i2c_masterslaveaddrset_.o)
 .ARM.attributes
                0x00000000000003a4       0x31 hw_include/libdriver.a(interrupt_enable_.o)
 .ARM.attributes
                0x00000000000003d5       0x31 hw_include/libdriver.a(interrupt_priorityset_.o)
 .ARM.attributes
                0x0000000000000406       0x2f hw_include/libdriver.a(interrupt_pulregs_.o)
 .ARM.attributes
                0x0000000000000435       0x31 hw_include/libdriver.a(sysctl_clockget_.o)
 .ARM.attributes
                0x0000000000000466       0x31 hw_include/libdriver.a(sysctl_clockset_.o)
 .ARM.attributes
                0x0000000000000497       0x31 hw_include/libdriver.a(sysctl_peripheralenable_.o)
 .ARM.attributes
                0x00000000000004c8       0x2f hw_include/libdriver.a(sysctl_pulrcgcregs_.o)
 .ARM.attributes
                0x00000000000004f7       0x2f hw_include/libdriver.a(sysctl_pulxtals_.o)
 .ARM.attributes
                0x0000000000000526       0x31 hw_include/libdriver.a(uart_configset_.o)
 .ARM.attributes
                0x0000000000000557       0x31 hw_include/libdriver.a(uart_disable_.o)
 .ARM.attributes
                0x0000000000000588       0x31 hw_include/libdriver.a(uart_enable_.o)
 .ARM.attributes
                0x00000000000005b9       0x31 hw_include/libdriver.a(uart_intclear_.o)
 .ARM.attributes
                0x00000000000005ea       0x31 hw_include/libdriver.a(uart_intstatus_.o)
 .ARM.attributes
                0x000000000000061b       0x31 hw_include/libdriver.a(gpio_padconfigset_.o)
 .ARM.attributes
                0x000000000000064c       0x31 hw_include/libdriver.a(i2c_masterenable_.o)
 .ARM.attributes
                0x000000000000067d       0x2a /usr/lib/gcc/arm-none-eabi/10.3.1/../../../arm-none-eabi/lib/thumb/nofp/libc.a(lib_a-memcpy-stub.o)
 .ARM.attributes
                0x00000000000006a7       0x2a /usr/lib/gcc/arm-none-eabi/10.3.1/../../../arm-none-eabi/lib/thumb/nofp/libc.a(lib_a-memset.o)
 .ARM.attributes
                0x00000000000006d1       0x2a /usr/lib/gcc/arm-none-eabi/10.3.1/../../../arm-none-eabi/lib/thumb/nofp/libc.a(lib_a-rand.o)
 .ARM.attributes
                0x00000000000006fb       0x2a /usr/lib/gcc/arm-none-eabi/10.3.1/../../../arm-none-eabi/lib/thumb/nofp/libc.a(lib_a-snprintf.o)
 .ARM.attributes
                0x0000000000000725       0x2a /usr/lib/gcc/arm-none-eabi/10.3.1/../../../arm-none-eabi/lib/thumb/nofp/libc.a(lib_a-svfprintf.o)
 .ARM.attributes
                0x000000000000074f       0x2a /usr/lib/gcc/arm-none-eabi/10.3.1/../../../arm-none-eabi/lib/thumb/nofp/libc.a(lib_a-dtoa.o)
 .ARM.attributes
                0x0000000000000779       0x30 /usr/lib/gcc/arm-none-eabi/10.3.1/../../../arm-none-eabi/lib/thumb/nofp/libc.a(lib_a-impure.o)
 .ARM.attributes
                0x00000000000007a9       0x2a /usr/lib/gcc/arm-none-eabi/10.3.1/../../../arm-none-eabi/lib/thumb/nofp/libc.a(lib_a-localeconv.o)
 .ARM.attributes
                0x00000000000007d3       0x2a /usr/lib/gcc/arm-none-eabi/10.3.1/../../../arm-none-eabi/lib/thumb/nofp/libc.a(lib_a-mallocr.o)
 .ARM.attributes
                0x00000000000007fd       0x2a /usr/lib/gcc/arm-none-eabi/10.3.1/../../../arm-none-eabi/lib/thumb/nofp/libc.a(lib_a-memchr-stub.o)
 .ARM.attributes
                0x0000000000000827       0x2a /usr/lib/gcc/arm-none-eabi/10.3.1/../../../arm-none-eabi/lib/thumb/nofp/libc.a(lib_a-mlock.o)
 .ARM.attributes
                0x0000000000000851       0x2a /usr/lib/gcc/arm-none-eabi/10.3.1/../../../arm-none-eabi/lib/thumb/nofp/libc.a(lib_a-mprec.o)
 .ARM.attributes
                0x000000000000087b       0x2a /usr/lib/gcc/arm-none-eabi/10.3.1/../../../arm-none-eabi/lib/thumb/nofp/libc.a(lib_a-sbrkr.o)
 .ARM.attributes
                0x00000000000008a5       0x2a /usr/lib/gcc/arm-none-eabi/10.3.1/../../../arm-none-eabi/lib/thumb/nofp/libc.a(lib_a-strlen-stub.o)
 .ARM.attributes
                0x00000000000008cf       0x2a /usr/lib/gcc/arm-none-eabi/10.3.1/../../../arm-none-eabi/lib/thumb/nofp/libc.a(lib_a-svfiprintf.o)
 .ARM.attributes
                0x00000000000008f9       0x2a /usr/lib/gcc/arm-none-eabi/10.3.1/../../../arm-none-eabi/lib/thumb/nofp/libc.a(lib_a-assert.o)
 .ARM.attributes
                0x0000000000000923       0x2a /usr/lib/gcc/arm-none-eabi/10.3.1/../../../arm-none-eabi/lib/thumb/nofp/libc.a(lib_a-callocr.o)
 .ARM.attributes
                0x000000000000094d       0x2a /usr/lib/gcc/arm-none-eabi/10.3.1/../../../arm-none-eabi/lib/thumb/nofp/libc.a(lib_a-fiprintf.o)
 .ARM.attributes
                0x0000000000000977       0x2a /usr/lib/gcc/arm-none-eabi/10.3.1/../../../arm-none-eabi/lib/thumb/nofp/libc.a(lib_a-freer.o)
 .ARM.attributes
                0x00000000000009a1       0x2a /usr/lib/gcc/arm-none-eabi/10.3.1/../../../arm-none-eabi/lib/thumb/nofp/libc.a(lib_a-locale.o)
 .ARM.attributes
                0x00000000000009cb       0x2a /usr/lib/gcc/arm-none-eabi/10.3.1/../../../arm-none-eabi/lib/thumb/nofp/libc.a(lib_a-mbtowc_r.o)
 .ARM.attributes
                0x00000000000009f5       0x2a /usr/lib/gcc/arm-none-eabi/10.3.1/../../../arm-none-eabi/lib/thumb/nofp/libc.a(lib_a-memmove.o)
 .ARM.attributes
                0x0000000000000a1f       0x2a /usr/lib/gcc/arm-none-eabi/10.3.1/../../../arm-none-eabi/lib/thumb/nofp/libc.a(lib_a-reallocr.o)
 .ARM.attributes
                0x0000000000000a49       0x2a /usr/lib/gcc/arm-none-eabi/10.3.1/../../../arm-none-eabi/lib/thumb/nofp/libc.a(lib_a-reent.o)
 .ARM.attributes
                0x0000000000000a73       0x1a /usr/lib/gcc/arm-none-eabi/10.3.1/../../../arm-none-eabi/lib/thumb/nofp/libc.a(lib_a-strcmp.o)
 .ARM.attributes
                0x0000000000000a8d       0x2a /usr/lib/gcc/arm-none-eabi/10.3.1/../../../arm-none-eabi/lib/thumb/nofp/libc.a(lib_a-vfiprintf.o)
 .ARM.attributes
                0x0000000000000ab7       0x2a /usr/lib/gcc/arm-none-eabi/10.3.1/../../../arm-none-eabi/lib/thumb/nofp/libc.a(lib_a-wctomb_r.o)
 .ARM.attributes
                0x0000000000000ae1       0x2a /usr/lib/gcc/arm-none-eabi/10.3.1/../../../arm-none-eabi/lib/thumb/nofp/libc.a(lib_a-wsetup.o)
 .ARM.attributes
                0x0000000000000b0b       0x2a /usr/lib/gcc/arm-none-eabi/10.3.1/../../../arm-none-eabi/lib/thumb/nofp/libc.a(lib_a-abort.o)
 .ARM.attributes
                0x0000000000000b35       0x30 /usr/lib/gcc/arm-none-eabi/10.3.1/../../../arm-none-eabi/lib/thumb/nofp/libc.a(lib_a-ctype_.o)
 .ARM.attributes
                0x0000000000000b65       0x2a /usr/lib/gcc/arm-none-eabi/10.3.1/../../../arm-none-eabi/lib/thumb/nofp/libc.a(lib_a-fflush.o)
 .ARM.attributes
                0x0000000000000b8f       0x2a /usr/lib/gcc/arm-none-eabi/10.3.1/../../../arm-none-eabi/lib/thumb/nofp/libc.a(lib_a-findfp.o)
 .ARM.attributes
                0x0000000000000bb9       0x2a /usr/lib/gcc/arm-none-eabi/10.3.1/../../../arm-none-eabi/lib/thumb/nofp/libc.a(lib_a-fputwc.o)
 .ARM.attributes
                0x0000000000000be3       0x2a /usr/lib/gcc/arm-none-eabi/10.3.1/../../../arm-none-eabi/lib/thumb/nofp/libc.a(lib_a-fvwrite.o)
 .ARM.attributes
                0x0000000000000c0d       0x2a /usr/lib/gcc/arm-none-eabi/10.3.1/../../../arm-none-eabi/lib/thumb/nofp/libc.a(lib_a-fwalk.o)
 .ARM.attributes
                0x0000000000000c37       0x2a /usr/lib/gcc/arm-none-eabi/10.3.1/../../../arm-none-eabi/lib/thumb/nofp/libc.a(lib_a-makebuf.o)
 .ARM.attributes
                0x0000000000000c61       0x2a /usr/lib/gcc/arm-none-eabi/10.3.1/../../../arm-none-eabi/lib/thumb/nofp/libc.a(lib_a-signal.o)
 .ARM.attributes
                0x0000000000000c8b       0x2a /usr/lib/gcc/arm-none-eabi/10.3.1/../../../arm-none-eabi/lib/thumb/nofp/libc.a(lib_a-signalr.o)
 .ARM.attributes
                0x0000000000000cb5       0x2a /usr/lib/gcc/arm-none-eabi/10.3.1/../../../arm-none-eabi/lib/thumb/nofp/libc.a(lib_a-stdio.o)
 .ARM.attributes
                0x0000000000000cdf       0x2a /usr/lib/gcc/arm-none-eabi/10.3.1/../../../arm-none-eabi/lib/thumb/nofp/libc.a(lib_a-wbuf.o)
 .ARM.attributes
                0x0000000000000d09       0x2a /usr/lib/gcc/arm-none-eabi/10.3.1/../../../arm-none-eabi/lib/thumb/nofp/libc.a(lib_a-wcrtomb.o)
 .ARM.attributes
                0x0000000000000d33       0x2a /usr/lib/gcc/arm-none-eabi/10.3.1/../../../arm-none-eabi/lib/thumb/nofp/libc.a(lib_a-writer.o)
 .ARM.attributes
                0x0000000000000d5d       0x2a /usr/lib/gcc/arm-none-eabi/10.3.1/../../../arm-none-eabi/lib/thumb/nofp/libc.a(lib_a-closer.o)
 .ARM.attributes
                0x0000000000000d87       0x2a /usr/lib/gcc/arm-none-eabi/10.3.1/../../../arm-none-eabi/lib/thumb/nofp/libc.a(lib_a-fclose.o)
 .ARM.attributes
                0x0000000000000db1       0x2a /usr/lib/gcc/arm-none-eabi/10.3.1/../../../arm-none-eabi/lib/thumb/nofp/libc.a(lib_a-fstatr.o)
 .ARM.attributes
                0x0000000000000ddb       0x2a /usr/lib/gcc/arm-none-eabi/10.3.1/../../../arm-none-eabi/lib/thumb/nofp/libc.a(lib_a-isattyr.o)
 .ARM.attributes
                0x0000000000000e05       0x2a /usr/lib/gcc/arm-none-eabi/10.3.1/../../../arm-none-eabi/lib/thumb/nofp/libc.a(lib_a-lseekr.o)
 .ARM.attributes
                0x0000000000000e2f       0x2a /usr/lib/gcc/arm-none-eabi/10.3.1/../../../arm-none-eabi/lib/thumb/nofp/libc.a(lib_a-readr.o)
 .ARM.attributes
                0x0000000000000e59       0x1c /usr/lib/gcc/arm-none-eabi/10.3.1/thumb/nofp/libgcc.a(_arm_muldf3.o)
 .ARM.attributes
                0x0000000000000e75       0x1c /usr/lib/gcc/arm-none-eabi/10.3.1/thumb/nofp/libgcc.a(_udivsi3.o)
 .ARM.attributes
                0x0000000000000e91       0x1c /usr/lib/gcc/arm-none-eabi/10.3.1/thumb/nofp/libgcc.a(_divsi3.o)
 .ARM.attributes
                0x0000000000000ead       0x1c /usr/lib/gcc/arm-none-eabi/10.3.1/thumb/nofp/libgcc.a(_dvmd_tls.o)
 .ARM.attributes
                0x0000000000000ec9       0x1c /usr/lib/gcc/arm-none-eabi/10.3.1/thumb/nofp/libgcc.a(_arm_addsubdf3.o)
 .ARM.attributes
                0x0000000000000ee5       0x1c /usr/lib/gcc/arm-none-eabi/10.3.1/thumb/nofp/libgcc.a(_arm_muldivdf3.o)
 .ARM.attributes
                0x0000000000000f01       0x1c /usr/lib/gcc/arm-none-eabi/10.3.1/thumb/nofp/libgcc.a(_arm_cmpdf2.o)
 .ARM.attributes
                0x0000000000000f1d       0x1c /usr/lib/gcc/arm-none-eabi/10.3.1/thumb/nofp/libgcc.a(_arm_unorddf2.o)
 .ARM.attributes
                0x0000000000000f39       0x1c /usr/lib/gcc/arm-none-eabi/10.3.1/thumb/nofp/libgcc.a(_arm_fixdfsi.o)
 .ARM.attributes
                0x0000000000000f55       0x1c /usr/lib/gcc/arm-none-eabi/10.3.1/thumb/nofp/libgcc.a(_aeabi_uldivmod.o)
 .ARM.attributes
                0x0000000000000f71       0x2a /usr/lib/gcc/arm-none-eabi/10.3.1/thumb/nofp/libgcc.a(_muldi3.o)
 .ARM.attributes
                0x0000000000000f9b       0x2a /usr/lib/gcc/arm-none-eabi/10.3.1/thumb/nofp/libgcc.a(_udivmoddi4.o)
 .ARM.attributes
                0x0000000000000fc5       0x1c /usr/lib/gcc/arm-none-eabi/10.3.1/thumb/nofp/libgcc.a(_clzdi2.o)
 .ARM.attributes
                0x0000000000000fe1       0x1c /usr/lib/gcc/arm-none-eabi/10.3.1/thumb/nofp/libgcc.a(_clzsi2.o)

.debug_info     0x0000000000000000    0x22555
 .debug_info    0x0000000000000000      0x15c /usr/lib/gcc/arm-none-eabi/10.3.1/../../../arm-none-eabi/lib/thumb/nofp/libc.a(lib_a-memcpy-stub.o)
 .debug_info    0x000000000000015c      0x13d /usr/lib/gcc/arm-none-eabi/10.3.1/../../../arm-none-eabi/lib/thumb/nofp/libc.a(lib_a-memset.o)
 .debug_info    0x0000000000000299      0x972 /usr/lib/gcc/arm-none-eabi/10.3.1/../../../arm-none-eabi/lib/thumb/nofp/libc.a(lib_a-rand.o)
 .debug_info    0x0000000000000c0b      0xb1f /usr/lib/gcc/arm-none-eabi/10.3.1/../../../arm-none-eabi/lib/thumb/nofp/libc.a(lib_a-snprintf.o)
 .debug_info    0x000000000000172a     0x19a2 /usr/lib/gcc/arm-none-eabi/10.3.1/../../../arm-none-eabi/lib/thumb/nofp/libc.a(lib_a-svfprintf.o)
 .debug_info    0x00000000000030cc     0x1a17 /usr/lib/gcc/arm-none-eabi/10.3.1/../../../arm-none-eabi/lib/thumb/nofp/libc.a(lib_a-dtoa.o)
 .debug_info    0x0000000000004ae3      0x92a /usr/lib/gcc/arm-none-eabi/10.3.1/../../../arm-none-eabi/lib/thumb/nofp/libc.a(lib_a-impure.o)
 .debug_info    0x000000000000540d      0xc3e /usr/lib/gcc/arm-none-eabi/10.3.1/../../../arm-none-eabi/lib/thumb/nofp/libc.a(lib_a-localeconv.o)
 .debug_info    0x000000000000604b      0xe80 /usr/lib/gcc/arm-none-eabi/10.3.1/../../../arm-none-eabi/lib/thumb/nofp/libc.a(lib_a-mallocr.o)
 .debug_info    0x0000000000006ecb      0x14e /usr/lib/gcc/arm-none-eabi/10.3.1/../../../arm-none-eabi/lib/thumb/nofp/libc.a(lib_a-memchr-stub.o)
 .debug_info    0x0000000000007019      0x942 /usr/lib/gcc/arm-none-eabi/10.3.1/../../../arm-none-eabi/lib/thumb/nofp/libc.a(lib_a-mlock.o)
 .debug_info    0x000000000000795b     0x20bc /usr/lib/gcc/arm-none-eabi/10.3.1/../../../arm-none-eabi/lib/thumb/nofp/libc.a(lib_a-mprec.o)
 .debug_info    0x0000000000009a17      0x98e /usr/lib/gcc/arm-none-eabi/10.3.1/../../../arm-none-eabi/lib/thumb/nofp/libc.a(lib_a-sbrkr.o)
 .debug_info    0x000000000000a3a5       0xee /usr/lib/gcc/arm-none-eabi/10.3.1/../../../arm-none-eabi/lib/thumb/nofp/libc.a(lib_a-strlen-stub.o)
 .debug_info    0x000000000000a493     0x1372 /usr/lib/gcc/arm-none-eabi/10.3.1/../../../arm-none-eabi/lib/thumb/nofp/libc.a(lib_a-svfiprintf.o)
 .debug_info    0x000000000000b805      0xa24 /usr/lib/gcc/arm-none-eabi/10.3.1/../../../arm-none-eabi/lib/thumb/nofp/libc.a(lib_a-assert.o)
 .debug_info    0x000000000000c229      0xa81 /usr/lib/gcc/arm-none-eabi/10.3.1/../../../arm-none-eabi/lib/thumb/nofp/libc.a(lib_a-callocr.o)
 .debug_info    0x000000000000ccaa      0xa5f /usr/lib/gcc/arm-none-eabi/10.3.1/../../../arm-none-eabi/lib/thumb/nofp/libc.a(lib_a-fiprintf.o)
 .debug_info    0x000000000000d709      0xce5 /usr/lib/gcc/arm-none-eabi/10.3.1/../../../arm-none-eabi/lib/thumb/nofp/libc.a(lib_a-freer.o)
 .debug_info    0x000000000000e3ee      0xe04 /usr/lib/gcc/arm-none-eabi/10.3.1/../../../arm-none-eabi/lib/thumb/nofp/libc.a(lib_a-locale.o)
 .debug_info    0x000000000000f1f2      0xccd /usr/lib/gcc/arm-none-eabi/10.3.1/../../../arm-none-eabi/lib/thumb/nofp/libc.a(lib_a-mbtowc_r.o)
 .debug_info    0x000000000000febf      0x152 /usr/lib/gcc/arm-none-eabi/10.3.1/../../../arm-none-eabi/lib/thumb/nofp/libc.a(lib_a-memmove.o)
 .debug_info    0x0000000000010011      0xda8 /usr/lib/gcc/arm-none-eabi/10.3.1/../../../arm-none-eabi/lib/thumb/nofp/libc.a(lib_a-reallocr.o)
 .debug_info    0x0000000000010db9      0xbe1 /usr/lib/gcc/arm-none-eabi/10.3.1/../../../arm-none-eabi/lib/thumb/nofp/libc.a(lib_a-reent.o)
 .debug_info    0x000000000001199a       0x26 /usr/lib/gcc/arm-none-eabi/10.3.1/../../../arm-none-eabi/lib/thumb/nofp/libc.a(lib_a-strcmp.o)
 .debug_info    0x00000000000119c0     0x19f0 /usr/lib/gcc/arm-none-eabi/10.3.1/../../../arm-none-eabi/lib/thumb/nofp/libc.a(lib_a-vfiprintf.o)
 .debug_info    0x00000000000133b0      0xc89 /usr/lib/gcc/arm-none-eabi/10.3.1/../../../arm-none-eabi/lib/thumb/nofp/libc.a(lib_a-wctomb_r.o)
 .debug_info    0x0000000000014039      0x9c2 /usr/lib/gcc/arm-none-eabi/10.3.1/../../../arm-none-eabi/lib/thumb/nofp/libc.a(lib_a-wsetup.o)
 .debug_info    0x00000000000149fb       0xcb /usr/lib/gcc/arm-none-eabi/10.3.1/../../../arm-none-eabi/lib/thumb/nofp/libc.a(lib_a-abort.o)
 .debug_info    0x0000000000014ac6       0xb8 /usr/lib/gcc/arm-none-eabi/10.3.1/../../../arm-none-eabi/lib/thumb/nofp/libc.a(lib_a-ctype_.o)
 .debug_info    0x0000000000014b7e      0xbff /usr/lib/gcc/arm-none-eabi/10.3.1/../../../arm-none-eabi/lib/thumb/nofp/libc.a(lib_a-fflush.o)
 .debug_info    0x000000000001577d      0xf72 /usr/lib/gcc/arm-none-eabi/10.3.1/../../../arm-none-eabi/lib/thumb/nofp/libc.a(lib_a-findfp.o)
 .debug_info    0x00000000000166ef      0xc1f /usr/lib/gcc/arm-none-eabi/10.3.1/../../../arm-none-eabi/lib/thumb/nofp/libc.a(lib_a-fputwc.o)
 .debug_info    0x000000000001730e      0xcc3 /usr/lib/gcc/arm-none-eabi/10.3.1/../../../arm-none-eabi/lib/thumb/nofp/libc.a(lib_a-fvwrite.o)
 .debug_info    0x0000000000017fd1      0xa66 /usr/lib/gcc/arm-none-eabi/10.3.1/../../../arm-none-eabi/lib/thumb/nofp/libc.a(lib_a-fwalk.o)
 .debug_info    0x0000000000018a37      0xdf0 /usr/lib/gcc/arm-none-eabi/10.3.1/../../../arm-none-eabi/lib/thumb/nofp/libc.a(lib_a-makebuf.o)
 .debug_info    0x0000000000019827      0xf29 /usr/lib/gcc/arm-none-eabi/10.3.1/../../../arm-none-eabi/lib/thumb/nofp/libc.a(lib_a-signal.o)
 .debug_info    0x000000000001a750      0x9df /usr/lib/gcc/arm-none-eabi/10.3.1/../../../arm-none-eabi/lib/thumb/nofp/libc.a(lib_a-signalr.o)
 .debug_info    0x000000000001b12f      0xc27 /usr/lib/gcc/arm-none-eabi/10.3.1/../../../arm-none-eabi/lib/thumb/nofp/libc.a(lib_a-stdio.o)
 .debug_info    0x000000000001bd56      0xa5f /usr/lib/gcc/arm-none-eabi/10.3.1/../../../arm-none-eabi/lib/thumb/nofp/libc.a(lib_a-wbuf.o)
 .debug_info    0x000000000001c7b5      0xd48 /usr/lib/gcc/arm-none-eabi/10.3.1/../../../arm-none-eabi/lib/thumb/nofp/libc.a(lib_a-wcrtomb.o)
 .debug_info    0x000000000001d4fd      0x9c0 /usr/lib/gcc/arm-none-eabi/10.3.1/../../../arm-none-eabi/lib/thumb/nofp/libc.a(lib_a-writer.o)
 .debug_info    0x000000000001debd      0x96b /usr/lib/gcc/arm-none-eabi/10.3.1/../../../arm-none-eabi/lib/thumb/nofp/libc.a(lib_a-closer.o)
 .debug_info    0x000000000001e828      0xb4d /usr/lib/gcc/arm-none-eabi/10.3.1/../../../arm-none-eabi/lib/thumb/nofp/libc.a(lib_a-fclose.o)
 .debug_info    0x000000000001f375      0xb83 /usr/lib/gcc/arm-none-eabi/10.3.1/../../../arm-none-eabi/lib/thumb/nofp/libc.a(lib_a-fstatr.o)
 .debug_info    0x000000000001fef8      0x96b /usr/lib/gcc/arm-none-eabi/10.3.1/../../../arm-none-eabi/lib/thumb/nofp/libc.a(lib_a-isattyr.o)
 .debug_info    0x0000000000020863      0x9a1 /usr/lib/gcc/arm-none-eabi/10.3.1/../../../arm-none-eabi/lib/thumb/nofp/libc.a(lib_a-lseekr.o)
 .debug_info    0x0000000000021204      0x9b9 /usr/lib/gcc/arm-none-eabi/10.3.1/../../../arm-none-eabi/lib/thumb/nofp/libc.a(lib_a-readr.o)
 .debug_info    0x0000000000021bbd       0x26 /usr/lib/gcc/arm-none-eabi/10.3.1/thumb/nofp/libgcc.a(_arm_muldf3.o)
 .debug_info    0x0000000000021be3       0x26 /usr/lib/gcc/arm-none-eabi/10.3.1/thumb/nofp/libgcc.a(_udivsi3.o)
 .debug_info    0x0000000000021c09       0x26 /usr/lib/gcc/arm-none-eabi/10.3.1/thumb/nofp/libgcc.a(_divsi3.o)
 .debug_info    0x0000000000021c2f       0x26 /usr/lib/gcc/arm-none-eabi/10.3.1/thumb/nofp/libgcc.a(_dvmd_tls.o)
 .debug_info    0x0000000000021c55       0x26 /usr/lib/gcc/arm-none-eabi/10.3.1/thumb/nofp/libgcc.a(_arm_addsubdf3.o)
 .debug_info    0x0000000000021c7b       0x26 /usr/lib/gcc/arm-none-eabi/10.3.1/thumb/nofp/libgcc.a(_arm_muldivdf3.o)
 .debug_info    0x0000000000021ca1       0x26 /usr/lib/gcc/arm-none-eabi/10.3.1/thumb/nofp/libgcc.a(_arm_cmpdf2.o)
 .debug_info    0x0000000000021cc7       0x26 /usr/lib/gcc/arm-none-eabi/10.3.1/thumb/nofp/libgcc.a(_arm_unorddf2.o)
 .debug_info    0x0000000000021ced       0x26 /usr/lib/gcc/arm-none-eabi/10.3.1/thumb/nofp/libgcc.a(_arm_fixdfsi.o)
 .debug_info    0x0000000000021d13       0x26 /usr/lib/gcc/arm-none-eabi/10.3.1/thumb/nofp/libgcc.a(_aeabi_uldivmod.o)
 .debug_info    0x0000000000021d39      0x431 /usr/lib/gcc/arm-none-eabi/10.3.1/thumb/nofp/libgcc.a(_muldi3.o)
 .debug_info    0x000000000002216a      0x39f /usr/lib/gcc/arm-none-eabi/10.3.1/thumb/nofp/libgcc.a(_udivmoddi4.o)
 .debug_info    0x0000000000022509       0x26 /usr/lib/gcc/arm-none-eabi/10.3.1/thumb/nofp/libgcc.a(_clzdi2.o)
 .debug_info    0x000000000002252f       0x26 /usr/lib/gcc/arm-none-eabi/10.3.1/thumb/nofp/libgcc.a(_clzsi2.o)

.debug_abbrev   0x0000000000000000     0x70bf
 .debug_abbrev  0x0000000000000000       0xc7 /usr/lib/gcc/arm-none-eabi/10.3.1/../../../arm-none-eabi/lib/thumb/nofp/libc.a(lib_a-memcpy-stub.o)
 .debug_abbrev  0x00000000000000c7       0xb4 /usr/lib/gcc/arm-none-eabi/10.3.1/../../../arm-none-eabi/lib/thumb/nofp/libc.a(lib_a-memset.o)
 .debug_abbrev  0x000000000000017b      0x219 /usr/lib/gcc/arm-none-eabi/10.3.1/../../../arm-none-eabi/lib/thumb/nofp/libc.a(lib_a-rand.o)
 .debug_abbrev  0x0000000000000394      0x27d /usr/lib/gcc/arm-none-eabi/10.3.1/../../../arm-none-eabi/lib/thumb/nofp/libc.a(lib_a-snprintf.o)
 .debug_abbrev  0x0000000000000611      0x3db /usr/lib/gcc/arm-none-eabi/10.3.1/../../../arm-none-eabi/lib/thumb/nofp/libc.a(lib_a-svfprintf.o)
 .debug_abbrev  0x00000000000009ec      0x345 /usr/lib/gcc/arm-none-eabi/10.3.1/../../../arm-none-eabi/lib/thumb/nofp/libc.a(lib_a-dtoa.o)
 .debug_abbrev  0x0000000000000d31      0x1b8 /usr/lib/gcc/arm-none-eabi/10.3.1/../../../arm-none-eabi/lib/thumb/nofp/libc.a(lib_a-impure.o)
 .debug_abbrev  0x0000000000000ee9      0x26a /usr/lib/gcc/arm-none-eabi/10.3.1/../../../arm-none-eabi/lib/thumb/nofp/libc.a(lib_a-localeconv.o)
 .debug_abbrev  0x0000000000001153      0x2f6 /usr/lib/gcc/arm-none-eabi/10.3.1/../../../arm-none-eabi/lib/thumb/nofp/libc.a(lib_a-mallocr.o)
 .debug_abbrev  0x0000000000001449       0xd4 /usr/lib/gcc/arm-none-eabi/10.3.1/../../../arm-none-eabi/lib/thumb/nofp/libc.a(lib_a-memchr-stub.o)
 .debug_abbrev  0x000000000000151d      0x1f0 /usr/lib/gcc/arm-none-eabi/10.3.1/../../../arm-none-eabi/lib/thumb/nofp/libc.a(lib_a-mlock.o)
 .debug_abbrev  0x000000000000170d      0x4bc /usr/lib/gcc/arm-none-eabi/10.3.1/../../../arm-none-eabi/lib/thumb/nofp/libc.a(lib_a-mprec.o)
 .debug_abbrev  0x0000000000001bc9      0x23d /usr/lib/gcc/arm-none-eabi/10.3.1/../../../arm-none-eabi/lib/thumb/nofp/libc.a(lib_a-sbrkr.o)
 .debug_abbrev  0x0000000000001e06       0x8f /usr/lib/gcc/arm-none-eabi/10.3.1/../../../arm-none-eabi/lib/thumb/nofp/libc.a(lib_a-strlen-stub.o)
 .debug_abbrev  0x0000000000001e95      0x305 /usr/lib/gcc/arm-none-eabi/10.3.1/../../../arm-none-eabi/lib/thumb/nofp/libc.a(lib_a-svfiprintf.o)
 .debug_abbrev  0x000000000000219a      0x22a /usr/lib/gcc/arm-none-eabi/10.3.1/../../../arm-none-eabi/lib/thumb/nofp/libc.a(lib_a-assert.o)
 .debug_abbrev  0x00000000000023c4      0x241 /usr/lib/gcc/arm-none-eabi/10.3.1/../../../arm-none-eabi/lib/thumb/nofp/libc.a(lib_a-callocr.o)
 .debug_abbrev  0x0000000000002605      0x255 /usr/lib/gcc/arm-none-eabi/10.3.1/../../../arm-none-eabi/lib/thumb/nofp/libc.a(lib_a-fiprintf.o)
 .debug_abbrev  0x000000000000285a      0x2a1 /usr/lib/gcc/arm-none-eabi/10.3.1/../../../arm-none-eabi/lib/thumb/nofp/libc.a(lib_a-freer.o)
 .debug_abbrev  0x0000000000002afb      0x2f5 /usr/lib/gcc/arm-none-eabi/10.3.1/../../../arm-none-eabi/lib/thumb/nofp/libc.a(lib_a-locale.o)
 .debug_abbrev  0x0000000000002df0      0x269 /usr/lib/gcc/arm-none-eabi/10.3.1/../../../arm-none-eabi/lib/thumb/nofp/libc.a(lib_a-mbtowc_r.o)
 .debug_abbrev  0x0000000000003059       0xc0 /usr/lib/gcc/arm-none-eabi/10.3.1/../../../arm-none-eabi/lib/thumb/nofp/libc.a(lib_a-memmove.o)
 .debug_abbrev  0x0000000000003119      0x265 /usr/lib/gcc/arm-none-eabi/10.3.1/../../../arm-none-eabi/lib/thumb/nofp/libc.a(lib_a-reallocr.o)
 .debug_abbrev  0x000000000000337e      0x2d0 /usr/lib/gcc/arm-none-eabi/10.3.1/../../../arm-none-eabi/lib/thumb/nofp/libc.a(lib_a-reent.o)
 .debug_abbrev  0x000000000000364e       0x14 /usr/lib/gcc/arm-none-eabi/10.3.1/../../../arm-none-eabi/lib/thumb/nofp/libc.a(lib_a-strcmp.o)
 .debug_abbrev  0x0000000000003662      0x407 /usr/lib/gcc/arm-none-eabi/10.3.1/../../../arm-none-eabi/lib/thumb/nofp/libc.a(lib_a-vfiprintf.o)
 .debug_abbrev  0x0000000000003a69      0x251 /usr/lib/gcc/arm-none-eabi/10.3.1/../../../arm-none-eabi/lib/thumb/nofp/libc.a(lib_a-wctomb_r.o)
 .debug_abbrev  0x0000000000003cba      0x246 /usr/lib/gcc/arm-none-eabi/10.3.1/../../../arm-none-eabi/lib/thumb/nofp/libc.a(lib_a-wsetup.o)
 .debug_abbrev  0x0000000000003f00       0x80 /usr/lib/gcc/arm-none-eabi/10.3.1/../../../arm-none-eabi/lib/thumb/nofp/libc.a(lib_a-abort.o)
 .debug_abbrev  0x0000000000003f80       0x62 /usr/lib/gcc/arm-none-eabi/10.3.1/../../../arm-none-eabi/lib/thumb/nofp/libc.a(lib_a-ctype_.o)
 .debug_abbrev  0x0000000000003fe2      0x32c /usr/lib/gcc/arm-none-eabi/10.3.1/../../../arm-none-eabi/lib/thumb/nofp/libc.a(lib_a-fflush.o)
 .debug_abbrev  0x000000000000430e      0x409 /usr/lib/gcc/arm-none-eabi/10.3.1/../../../arm-none-eabi/lib/thumb/nofp/libc.a(lib_a-findfp.o)
 .debug_abbrev  0x0000000000004717      0x321 /usr/lib/gcc/arm-none-eabi/10.3.1/../../../arm-none-eabi/lib/thumb/nofp/libc.a(lib_a-fputwc.o)
 .debug_abbrev  0x0000000000004a38      0x276 /usr/lib/gcc/arm-none-eabi/10.3.1/../../../arm-none-eabi/lib/thumb/nofp/libc.a(lib_a-fvwrite.o)
 .debug_abbrev  0x0000000000004cae      0x1fe /usr/lib/gcc/arm-none-eabi/10.3.1/../../../arm-none-eabi/lib/thumb/nofp/libc.a(lib_a-fwalk.o)
 .debug_abbrev  0x0000000000004eac      0x2f7 /usr/lib/gcc/arm-none-eabi/10.3.1/../../../arm-none-eabi/lib/thumb/nofp/libc.a(lib_a-makebuf.o)
 .debug_abbrev  0x00000000000051a3      0x313 /usr/lib/gcc/arm-none-eabi/10.3.1/../../../arm-none-eabi/lib/thumb/nofp/libc.a(lib_a-signal.o)
 .debug_abbrev  0x00000000000054b6      0x230 /usr/lib/gcc/arm-none-eabi/10.3.1/../../../arm-none-eabi/lib/thumb/nofp/libc.a(lib_a-signalr.o)